Archive member included to satisfy reference by file (symbol)

C:/Users/teo_a/workspace/freeRTOS/Release/libfreeRTOS.a(queue.o)
                              ./buzzer.o (xQueueGenericCreate)
C:/Users/teo_a/workspace/freeRTOS/Release/libfreeRTOS.a(tasks.o)
                              ./test.o (xTaskGenericCreate)
C:/Users/teo_a/workspace/freeRTOS/Release/libfreeRTOS.a(heap_2.o)
                              C:/Users/teo_a/workspace/freeRTOS/Release/libfreeRTOS.a(queue.o) (pvPortMalloc)
C:/Users/teo_a/workspace/freeRTOS/Release/libfreeRTOS.a(port.o)
                              C:/Users/teo_a/workspace/freeRTOS/Release/libfreeRTOS.a(tasks.o) (pxPortInitialiseStack)
C:/Users/teo_a/workspace/freeRTOS/Release/libfreeRTOS.a(list.o)
                              C:/Users/teo_a/workspace/freeRTOS/Release/libfreeRTOS.a(queue.o) (vListInitialise)
c:/program files (x86)/arduino/hardware/tools/avr/bin/../lib/gcc/avr/4.9.2/avr5\libgcc.a(_mulsi3.o)
                              ./arduino/WMath.o (__mulsi3)
c:/program files (x86)/arduino/hardware/tools/avr/bin/../lib/gcc/avr/4.9.2/avr5\libgcc.a(_udivmodsi4.o)
                              ./arduino/HardwareSerial.o (__udivmodsi4)
c:/program files (x86)/arduino/hardware/tools/avr/bin/../lib/gcc/avr/4.9.2/avr5\libgcc.a(_divmodsi4.o)
                              ./arduino/WMath.o (__divmodsi4)
c:/program files (x86)/arduino/hardware/tools/avr/bin/../lib/gcc/avr/4.9.2/avr5\libgcc.a(_negsi2.o)
                              c:/program files (x86)/arduino/hardware/tools/avr/bin/../lib/gcc/avr/4.9.2/avr5\libgcc.a(_divmodsi4.o) (__negsi2)
c:/program files (x86)/arduino/hardware/tools/avr/bin/../lib/gcc/avr/4.9.2/avr5\libgcc.a(_exit.o)
                              c:/program files (x86)/arduino/hardware/tools/avr/bin/../lib/gcc/avr/4.9.2/../../../../avr/lib/avr5/crtatmega328p.o (exit)
c:/program files (x86)/arduino/hardware/tools/avr/bin/../lib/gcc/avr/4.9.2/avr5\libgcc.a(_copy_data.o)
                              ./arduino/HardwareSerial.o (__do_copy_data)
c:/program files (x86)/arduino/hardware/tools/avr/bin/../lib/gcc/avr/4.9.2/avr5\libgcc.a(_clear_bss.o)
                              ./arduino/HardwareSerial0.o (__do_clear_bss)
c:/program files (x86)/arduino/hardware/tools/avr/bin/../lib/gcc/avr/4.9.2/avr5\libgcc.a(_ctors.o)
                              ./arduino/HardwareSerial0.o (__do_global_ctors)
c:/program files (x86)/arduino/hardware/tools/avr/bin/../lib/gcc/avr/4.9.2/avr5\libgcc.a(_muluhisi3.o)
                              ./arduino/Stream.o (__muluhisi3)
c:/program files (x86)/arduino/hardware/tools/avr/bin/../lib/gcc/avr/4.9.2/avr5\libgcc.a(_tablejump2.o)
                              c:/program files (x86)/arduino/hardware/tools/avr/bin/../lib/gcc/avr/4.9.2/avr5\libgcc.a(_ctors.o) (__tablejump2__)
c:/program files (x86)/arduino/hardware/tools/avr/bin/../lib/gcc/avr/4.9.2/avr5\libgcc.a(_umulhisi3.o)
                              c:/program files (x86)/arduino/hardware/tools/avr/bin/../lib/gcc/avr/4.9.2/avr5\libgcc.a(_muluhisi3.o) (__umulhisi3)
c:/program files (x86)/arduino/hardware/tools/avr/bin/../lib/gcc/avr/4.9.2/../../../../avr/lib/avr5\libm.a(addsf3.o)
                              ./arduino/Print.o (__subsf3)
c:/program files (x86)/arduino/hardware/tools/avr/bin/../lib/gcc/avr/4.9.2/../../../../avr/lib/avr5\libm.a(addsf3x.o)
                              c:/program files (x86)/arduino/hardware/tools/avr/bin/../lib/gcc/avr/4.9.2/../../../../avr/lib/avr5\libm.a(addsf3.o) (__addsf3x)
c:/program files (x86)/arduino/hardware/tools/avr/bin/../lib/gcc/avr/4.9.2/../../../../avr/lib/avr5\libm.a(cmpsf2.o)
                              ./arduino/Print.o (__ltsf2)
c:/program files (x86)/arduino/hardware/tools/avr/bin/../lib/gcc/avr/4.9.2/../../../../avr/lib/avr5\libm.a(divsf3.o)
                              ./arduino/Print.o (__divsf3)
c:/program files (x86)/arduino/hardware/tools/avr/bin/../lib/gcc/avr/4.9.2/../../../../avr/lib/avr5\libm.a(divsf3x.o)
                              c:/program files (x86)/arduino/hardware/tools/avr/bin/../lib/gcc/avr/4.9.2/../../../../avr/lib/avr5\libm.a(divsf3.o) (__divsf3x)
c:/program files (x86)/arduino/hardware/tools/avr/bin/../lib/gcc/avr/4.9.2/../../../../avr/lib/avr5\libm.a(fixunssfsi.o)
                              ./arduino/Print.o (__fixunssfsi)
c:/program files (x86)/arduino/hardware/tools/avr/bin/../lib/gcc/avr/4.9.2/../../../../avr/lib/avr5\libm.a(floatsisf.o)
                              ./arduino/Print.o (__floatunsisf)
c:/program files (x86)/arduino/hardware/tools/avr/bin/../lib/gcc/avr/4.9.2/../../../../avr/lib/avr5\libm.a(fp_cmp.o)
                              c:/program files (x86)/arduino/hardware/tools/avr/bin/../lib/gcc/avr/4.9.2/../../../../avr/lib/avr5\libm.a(cmpsf2.o) (__fp_cmp)
c:/program files (x86)/arduino/hardware/tools/avr/bin/../lib/gcc/avr/4.9.2/../../../../avr/lib/avr5\libm.a(fp_inf.o)
[...]
Memory Configuration

Name             Origin             Length             Attributes
text             0x00000000         0x00020000         xr
data             0x00800060         0x0000ffa0         rw !x
eeprom           0x00810000         0x00010000         rw !x
fuse             0x00820000         0x00000003         rw !x
lock             0x00830000         0x00000400         rw !x
signature        0x00840000         0x00000400         rw !x
user_signatures  0x00850000         0x00000400         rw !x
*default*        0x00000000         0xffffffff

Linker script and memory map

Address of section .data set to 0x800100
LOAD c:/program files (x86)/arduino/hardware/tools/avr/bin/../lib/gcc/avr/4.9.2/../../../../avr/lib/avr5/crtatmega328p.o
LOAD ./arduino/CDC.o
LOAD ./arduino/HardwareSerial.o
LOAD ./arduino/HardwareSerial0.o
LOAD ./arduino/HardwareSerial1.o
LOAD ./arduino/HardwareSerial2.o
LOAD ./arduino/HardwareSerial3.o
LOAD ./arduino/IPAddress.o
LOAD ./arduino/PluggableUSB.o
LOAD ./arduino/Print.o
LOAD ./arduino/Stream.o
LOAD ./arduino/Tone.o
LOAD ./arduino/USBCore.o
LOAD ./arduino/WInterrupts.o
LOAD ./arduino/WMath.o
LOAD ./arduino/WString.o
LOAD ./arduino/abi.o
LOAD ./arduino/hooks.o
LOAD ./arduino/main.o
LOAD ./arduino/new.o
LOAD ./arduino/wiring.o
LOAD ./arduino/wiring_analog.o
LOAD ./arduino/wiring_digital.o
LOAD ./arduino/wiring_pulse.o
LOAD ./arduino/wiring_shift.o
LOAD ./buzzer.o
LOAD ./led.o
LOAD ./movement.o
LOAD ./test.o
LOAD C:/Users/teo_a/workspace/freeRTOS/Release/libfreeRTOS.a
LOAD c:/program files (x86)/arduino/hardware/tools/avr/bin/../lib/gcc/avr/4.9.2/avr5\libgcc.a
LOAD c:/program files (x86)/arduino/hardware/tools/avr/bin/../lib/gcc/avr/4.9.2/../../../../avr/lib/avr5\libm.a
START GROUP
LOAD c:/program files (x86)/arduino/hardware/tools/avr/bin/../lib/gcc/avr/4.9.2/avr5\libgcc.a
LOAD c:/program files (x86)/arduino/hardware/tools/avr/bin/../lib/gcc/avr/4.9.2/../../../../avr/lib/avr5\libm.a
LOAD c:/program files (x86)/arduino/hardware/tools/avr/bin/../lib/gcc/avr/4.9.2/../../../../avr/lib/avr5\libc.a
LOAD c:/program files (x86)/arduino/hardware/tools/avr/bin/../lib/gcc/avr/4.9.2/../../../../avr/lib/avr5\libatmega328p.a
END GROUP
                0x00020000                __TEXT_REGION_LENGTH__ = DEFINED (__TEXT_REGION_LENGTH__)?__TEXT_REGION_LENGTH__:0x20000
                0x0000ffa0                __DATA_REGION_LENGTH__ = DEFINED (__DATA_REGION_LENGTH__)?__DATA_REGION_LENGTH__:0xffa0
                0x00010000                __EEPROM_REGION_LENGTH__ = DEFINED (__EEPROM_REGION_LENGTH__)?__EEPROM_REGION_LENGTH__:0x10000
                [0x00000003]                __FUSE_REGION_LENGTH__ = DEFINED (__FUSE_REGION_LENGTH__)?__FUSE_REGION_LENGTH__:0x400
                0x00000400                __LOCK_REGION_LENGTH__ = DEFINED (__LOCK_REGION_LENGTH__)?__LOCK_REGION_LENGTH__:0x400
                0x00000400                __SIGNATURE_REGION_LENGTH__ = DEFINED (__SIGNATURE_REGION_LENGTH__)?__SIGNATURE_REGION_LENGTH__:0x400
                0x00000400                __USER_SIGNATURE_REGION_LENGTH__ = DEFINED (__USER_SIGNATURE_REGION_LENGTH__)?__USER_SIGNATURE_REGION_LENGTH__:0x400

.hash
 *(.hash)

.dynsym
 *(.dynsym)

.dynstr
 *(.dynstr)

.gnu.version
 *(.gnu.version)

.gnu.version_d
 *(.gnu.version_d)

.gnu.version_r
 *(.gnu.version_r)

.rel.init
 *(.rel.init)

.rela.init
 *(.rela.init)

.rel.text
 *(.rel.text)
 *(.rel.text.*)
 *(.rel.gnu.linkonce.t*)

.rela.text
 *(.rela.text)
 *(.rela.text.*)
 *(.rela.gnu.linkonce.t*)

.rel.fini
 *(.rel.fini)

.rela.fini
 *(.rela.fini)

.rel.rodata
 *(.rel.rodata)
 *(.rel.rodata.*)
 *(.rel.gnu.linkonce.r*)

.rela.rodata
 *(.rela.rodata)
 *(.rela.rodata.*)
 *(.rela.gnu.linkonce.r*)

.rel.data
 *(.rel.data)
 *(.rel.data.*)
 *(.rel.gnu.linkonce.d*)

.rela.data
 *(.rela.data)
 *(.rela.data.*)
 *(.rela.gnu.linkonce.d*)

.rel.ctors
 *(.rel.ctors)

.rela.ctors
 *(.rela.ctors)

.rel.dtors
 *(.rel.dtors)

.rela.dtors
 *(.rela.dtors)

.rel.got
 *(.rel.got)

.rela.got
 *(.rela.got)

.rel.bss
 *(.rel.bss)

.rela.bss
 *(.rela.bss)

.rel.plt
 *(.rel.plt)

.rela.plt
 *(.rela.plt)

.text           0x00000000     0x2edc
 *(.vectors)
 .vectors       0x00000000       0x68 c:/program files (x86)/arduino/hardware/tools/avr/bin/../lib/gcc/avr/4.9.2/../../../../avr/lib/avr5/crtatmega328p.o
                0x00000000                __vector_default
                0x00000000                __vectors
 *(.vectors)
 *(.progmem.gcc*)
                0x00000068                . = ALIGN (0x2)
                0x00000068                __trampolines_start = .
 *(.trampolines)
 .trampolines   0x00000068        0x0 linker stubs
 *(.trampolines*)
                0x00000068                __trampolines_end = .
 *libprintf_flt.a:*(.progmem.data)
 *libc.a:*(.progmem.data)
 *(.progmem*)
 .progmem.data._ZL21tone_pin_to_timer_PGM
                0x00000068        0x1 ./arduino/Tone.o
 .progmem.data.digital_pin_to_timer_PGM
                0x00000069       0x14 ./arduino/wiring_digital.o
                0x00000069                digital_pin_to_timer_PGM
 .progmem.data.digital_pin_to_bit_mask_PGM
                0x0000007d       0x14 ./arduino/wiring_digital.o
                0x0000007d                digital_pin_to_bit_mask_PGM
 .progmem.data.digital_pin_to_port_PGM
                0x00000091       0x14 ./arduino/wiring_digital.o
                0x00000091                digital_pin_to_port_PGM
 .progmem.data.port_to_output_PGM
                0x000000a5        0xa ./arduino/wiring_digital.o
                0x000000a5                port_to_output_PGM
 .progmem.data.port_to_mode_PGM
                0x000000af        0xa ./arduino/wiring_digital.o
                0x000000af                port_to_mode_PGM
                0x000000ba                . = ALIGN (0x2)
 *fill*         0x000000b9        0x1 
 *(.jumptables)
 *(.jumptables*)
 *(.lowtext)
 *(.lowtext*)
                0x000000ba                __ctors_start = .
 *(.ctors)
 .ctors         0x000000ba        0x2 ./arduino/HardwareSerial0.o
 .ctors         0x000000bc        0x2 ./arduino/IPAddress.o
 .ctors         0x000000be        0x2 ./buzzer.o
 .ctors         0x000000c0        0x2 ./led.o
 .ctors         0x000000c2        0x2 ./movement.o
                0x000000c4                __ctors_end = .
                0x000000c4                __dtors_start = .
 *(.dtors)
                0x000000c4                __dtors_end = .
 SORT(*)(.ctors)
 SORT(*)(.dtors)
 *(.init0)
 .init0         0x000000c4        0x0 c:/program files (x86)/arduino/hardware/tools/avr/bin/../lib/gcc/avr/4.9.2/../../../../avr/lib/avr5/crtatmega328p.o
                0x000000c4                __init
 *(.init0)
 *(.init1)
 *(.init1)
 *(.init2)
 .init2         0x000000c4        0xc c:/program files (x86)/arduino/hardware/tools/avr/bin/../lib/gcc/avr/4.9.2/../../../../avr/lib/avr5/crtatmega328p.o
 *(.init2)
 *(.init3)
 *(.init3)
 *(.init4)
 .init4         0x000000d0       0x16 c:/program files (x86)/arduino/hardware/tools/avr/bin/../lib/gcc/avr/4.9.2/avr5\libgcc.a(_copy_data.o)
                0x000000d0                __do_copy_data
 .init4         0x000000e6       0x10 c:/program files (x86)/arduino/hardware/tools/avr/bin/../lib/gcc/avr/4.9.2/avr5\libgcc.a(_clear_bss.o)
                0x000000e6                __do_clear_bss
 *(.init4)
 *(.init5)
 *(.init5)
 *(.init6)
 .init6         0x000000f6       0x16 c:/program files (x86)/arduino/hardware/tools/avr/bin/../lib/gcc/avr/4.9.2/avr5\libgcc.a(_ctors.o)
                0x000000f6                __do_global_ctors
 *(.init6)
 *(.init7)
 *(.init7)
 *(.init8)
 *(.init8)
 *(.init9)
 .init9         0x0000010c        0x6 c:/program files (x86)/arduino/hardware/tools/avr/bin/../lib/gcc/avr/4.9.2/../../../../avr/lib/avr5/crtatmega328p.o
 *(.init9)
 *(.text)
 .text          0x00000112        0x2 c:/program files (x86)/arduino/hardware/tools/avr/bin/../lib/gcc/avr/4.9.2/../../../../avr/lib/avr5/crtatmega328p.o
                0x00000112                __vector_22
                0x00000112                __vector_24
                0x00000112                __vector_12
                0x00000112                __bad_interrupt
                0x00000112                __vector_6
                0x00000112                __vector_3
                0x00000112                __vector_23
                0x00000112                __vector_25
                0x00000112                __vector_13
                0x00000112                __vector_17
                0x00000112                __vector_5
                0x00000112                __vector_4
                0x00000112                __vector_9
                0x00000112                __vector_21
                0x00000112                __vector_15
                0x00000112                __vector_8
                0x00000112                __vector_14
                0x00000112                __vector_10
                0x00000112                __vector_20
                0x00000114                . = ALIGN (0x2)
 *(.text.*)
 .text._ZN14HardwareSerial9availableEv
                0x00000114       0x18 ./arduino/HardwareSerial.o
                0x00000114                _ZN14HardwareSerial9availableEv
 .text._ZN14HardwareSerial4peekEv
                0x0000012c       0x1c ./arduino/HardwareSerial.o
                0x0000012c                _ZN14HardwareSerial4peekEv
 .text._ZN14HardwareSerial4readEv
                0x00000148       0x28 ./arduino/HardwareSerial.o
                0x00000148                _ZN14HardwareSerial4readEv
 .text._ZN14HardwareSerial17availableForWriteEv
                0x00000170       0x1e ./arduino/HardwareSerial.o
                0x00000170                _ZN14HardwareSerial17availableForWriteEv
 .text._Z14serialEventRunv
                0x0000018e       0x1a ./arduino/HardwareSerial.o
                0x0000018e                _Z14serialEventRunv
 .text._ZN14HardwareSerial17_tx_udr_empty_irqEv
                0x000001a8       0x42 ./arduino/HardwareSerial.o
                0x000001a8                _ZN14HardwareSerial17_tx_udr_empty_irqEv
 .text._ZN14HardwareSerial5flushEv
                0x000001ea       0x42 ./arduino/HardwareSerial.o
                0x000001ea                _ZN14HardwareSerial5flushEv
 .text._ZN14HardwareSerial5writeEh
                0x0000022c       0x8c ./arduino/HardwareSerial.o
                0x0000022c                _ZN14HardwareSerial5writeEh
 .text._ZN14HardwareSerial5beginEmh
                0x000002b8       0xca ./arduino/HardwareSerial.o
                0x000002b8                _ZN14HardwareSerial5beginEmh
 .text.__vector_18
                0x00000382       0x64 ./arduino/HardwareSerial0.o
                0x00000382                __vector_18
 .text.__vector_19
                0x000003e6       0x4a ./arduino/HardwareSerial0.o
                0x000003e6                __vector_19
 .text._Z17Serial0_availablev
                0x00000430       0x12 ./arduino/HardwareSerial0.o
                0x00000430                _Z17Serial0_availablev
 .text.startup._GLOBAL__sub_I___vector_18
                0x00000442       0x5a ./arduino/HardwareSerial0.o
 .text._ZNK9IPAddress7printToER5Print
                0x0000049c       0x7e ./arduino/IPAddress.o
                0x0000049c                _ZNK9IPAddress7printToER5Print
 .text.startup._GLOBAL__sub_I__ZN9IPAddressC2Ev
                0x0000051a       0x16 ./arduino/IPAddress.o
 .text._ZN5Print5writeEPKhj
                0x00000530       0x56 ./arduino/Print.o
                0x00000530                _ZN5Print5writeEPKhj
 .text._ZN5Print5writeEPKc
                0x00000586       0x2a ./arduino/Print.o
                0x00000586                _ZN5Print5writeEPKc
 .text._ZN5Print5printEPKc
                0x000005b0        0x2 ./arduino/Print.o
                0x000005b0                _ZN5Print5printEPKc
 .text._ZN5Print5printEc
                0x000005b2        0xe ./arduino/Print.o
                0x000005b2                _ZN5Print5printEc
 .text._ZN5Print7printlnEv
                0x000005c0        0x6 ./arduino/Print.o
                0x000005c0                _ZN5Print7printlnEv
 .text._ZN5Print7printlnEPKc
                0x000005c6       0x20 ./arduino/Print.o
                0x000005c6                _ZN5Print7printlnEPKc
 .text._ZN5Print7printlnEc
                0x000005e6       0x20 ./arduino/Print.o
                0x000005e6                _ZN5Print7printlnEc
 .text._ZN5Print11printNumberEmh
                0x00000606       0xa6 ./arduino/Print.o
                0x00000606                _ZN5Print11printNumberEmh
 .text._ZN5Print5printEmi
                0x000006ac       0x18 ./arduino/Print.o
                0x000006ac                _ZN5Print5printEmi
 .text._ZN5Print5printEhi
                0x000006c4        0xc ./arduino/Print.o
                0x000006c4                _ZN5Print5printEhi
 .text._Z12disableTimerh
                0x000006d0       0x40 ./arduino/Tone.o
                0x000006d0                _Z12disableTimerh
 .text._Z6noToneh
                0x00000710       0x28 ./arduino/Tone.o
                0x00000710                _Z6noToneh
 .text.__vector_7
                0x00000738       0xb6 ./arduino/Tone.o
                0x00000738                __vector_7
 .text.nothing  0x000007ee        0x2 ./arduino/WInterrupts.o
 .text.__vector_1
                0x000007f0       0x4e ./arduino/WInterrupts.o
                0x000007f0                __vector_1
 .text.__vector_2
                0x0000083e       0x4e ./arduino/WInterrupts.o
                0x0000083e                __vector_2
 .text._Z3maplllll
                0x0000088c       0x82 ./arduino/WMath.o
                0x0000088c                _Z3maplllll
 .text.__empty  0x0000090e        0x2 ./arduino/hooks.o
                0x0000090e                yield
 .text.initVariant
                0x00000910        0x2 ./arduino/main.o
                0x00000910                initVariant
 .text.startup.main
                0x00000912       0x14 ./arduino/main.o
                0x00000912                main
 .text.__vector_16
                0x00000926       0x94 ./arduino/wiring.o
                0x00000926                __vector_16
 .text.millis   0x000009ba       0x18 ./arduino/wiring.o
                0x000009ba                millis
 .text.micros   0x000009d2       0x4a ./arduino/wiring.o
                0x000009d2                micros
 .text.delay    0x00000a1c       0x72 ./arduino/wiring.o
                0x00000a1c                delay
 .text.delayMicroseconds
                0x00000a8e       0x16 ./arduino/wiring.o
                0x00000a8e                delayMicroseconds
 .text.init     0x00000aa4       0x76 ./arduino/wiring.o
                0x00000aa4                init
 .text.analogWrite
                0x00000b1a       0xba ./arduino/wiring_analog.o
                0x00000b1a                analogWrite
 .text.turnOffPWM
                0x00000bd4       0x52 ./arduino/wiring_digital.o
 .text.pinMode  0x00000c26       0x78 ./arduino/wiring_digital.o
                0x00000c26                pinMode
 .text.digitalWrite
                0x00000c9e       0x5e ./arduino/wiring_digital.o
                0x00000c9e                digitalWrite
 .text.shiftOut
                0x00000cfc       0x70 ./arduino/wiring_shift.o
                0x00000cfc                shiftOut
 .text._Z6myTonehjj
                0x00000d6c       0x94 ./buzzer.o
                0x00000d6c                _Z6myTonehjj
 .text._Z9starttonev
                0x00000e00       0x58 ./buzzer.o
                0x00000e00                _Z9starttonev
 .text._Z7endtonev
                0x00000e58      0x25c ./buzzer.o
                0x00000e58                _Z7endtonev
 .text.startup._GLOBAL__sub_I_xQueueMusic
                0x000010b4       0x22 ./buzzer.o
 .text._Z19updateShiftRegisterh
                0x000010d6       0x2a ./led.o
                0x000010d6                _Z19updateShiftRegisterh
 .text._Z11runGreenLedPv
                0x00001100      0x150 ./led.o
                0x00001100                _Z11runGreenLedPv
 .text._Z9runRedLedPv
                0x00001250       0x9a ./led.o
                0x00001250                _Z9runRedLedPv
 .text.startup._GLOBAL__sub_I_xQueueRed
                0x000012ea       0x42 ./led.o
 .text._Z12movementTaskPv
                0x0000132c      0x476 ./movement.o
                0x0000132c                _Z12movementTaskPv
 .text.startup._GLOBAL__sub_I_xCommandQueue
                0x000017a2       0x12 ./movement.o
 .text.setup    0x000017b4       0xc0 ./test.o
                0x000017b4                setup
 .text.loop     0x00001874        0x2 ./test.o
                0x00001874                loop
 .text._Z16bluetoothReceivePv
                0x00001876       0x66 ./test.o
                0x00001876                _Z16bluetoothReceivePv
 .text.prvCopyDataToQueue
                0x000018dc       0xac C:/Users/teo_a/workspace/freeRTOS/Release/libfreeRTOS.a(queue.o)
 .text.prvCopyDataFromQueue
                0x00001988       0x34 C:/Users/teo_a/workspace/freeRTOS/Release/libfreeRTOS.a(queue.o)
 .text.prvUnlockQueue
                0x000019bc       0x74 C:/Users/teo_a/workspace/freeRTOS/Release/libfreeRTOS.a(queue.o)
 .text.xQueueGenericReset
                0x00001a30       0x72 C:/Users/teo_a/workspace/freeRTOS/Release/libfreeRTOS.a(queue.o)
                0x00001a30                xQueueGenericReset
 .text.xQueueGenericCreate
                0x00001aa2       0x64 C:/Users/teo_a/workspace/freeRTOS/Release/libfreeRTOS.a(queue.o)
                0x00001aa2                xQueueGenericCreate
 .text.xQueueGenericSend
                0x00001b06      0x12c C:/Users/teo_a/workspace/freeRTOS/Release/libfreeRTOS.a(queue.o)
                0x00001b06                xQueueGenericSend
 .text.xQueueGenericReceive
                0x00001c32      0x16a C:/Users/teo_a/workspace/freeRTOS/Release/libfreeRTOS.a(queue.o)
                0x00001c32                xQueueGenericReceive
 .text.prvResetNextTaskUnblockTime
                0x00001d9c       0x44 C:/Users/teo_a/workspace/freeRTOS/Release/libfreeRTOS.a(tasks.o)
 .text.prvAddCurrentTaskToDelayedList
                0x00001de0       0x9e C:/Users/teo_a/workspace/freeRTOS/Release/libfreeRTOS.a(tasks.o)
 .text.xTaskGenericCreate
                0x00001e7e      0x1e8 C:/Users/teo_a/workspace/freeRTOS/Release/libfreeRTOS.a(tasks.o)
                0x00001e7e                xTaskGenericCreate
 .text.vTaskStartScheduler
                0x00002066       0x7e C:/Users/teo_a/workspace/freeRTOS/Release/libfreeRTOS.a(tasks.o)
                0x00002066                vTaskStartScheduler
 .text.vTaskSuspendAll
                0x000020e4        0xc C:/Users/teo_a/workspace/freeRTOS/Release/libfreeRTOS.a(tasks.o)
                0x000020e4                vTaskSuspendAll
 .text.xTaskIncrementTick
                0x000020f0      0x19a C:/Users/teo_a/workspace/freeRTOS/Release/libfreeRTOS.a(tasks.o)
                0x000020f0                xTaskIncrementTick
 .text.xTaskResumeAll
                0x0000228a       0xd6 C:/Users/teo_a/workspace/freeRTOS/Release/libfreeRTOS.a(tasks.o)
                0x0000228a                xTaskResumeAll
 .text.vTaskDelayUntil
                0x00002360       0xce C:/Users/teo_a/workspace/freeRTOS/Release/libfreeRTOS.a(tasks.o)
                0x00002360                vTaskDelayUntil
 .text.vTaskDelay
                0x0000242e       0x7a C:/Users/teo_a/workspace/freeRTOS/Release/libfreeRTOS.a(tasks.o)
                0x0000242e                vTaskDelay
 .text.prvIdleTask
                0x000024a8       0x5c C:/Users/teo_a/workspace/freeRTOS/Release/libfreeRTOS.a(tasks.o)
 .text.vTaskSwitchContext
                0x00002504       0x98 C:/Users/teo_a/workspace/freeRTOS/Release/libfreeRTOS.a(tasks.o)
                0x00002504                vTaskSwitchContext
 .text.vTaskPlaceOnEventList
                0x0000259c       0x4e C:/Users/teo_a/workspace/freeRTOS/Release/libfreeRTOS.a(tasks.o)
                0x0000259c                vTaskPlaceOnEventList
 .text.xTaskRemoveFromEventList
                0x000025ea       0x7a C:/Users/teo_a/workspace/freeRTOS/Release/libfreeRTOS.a(tasks.o)
                0x000025ea                xTaskRemoveFromEventList
 .text.vTaskSetTimeOutState
                0x00002664       0x22 C:/Users/teo_a/workspace/freeRTOS/Release/libfreeRTOS.a(tasks.o)
                0x00002664                vTaskSetTimeOutState
 .text.xTaskCheckForTimeOut
                0x00002686       0xa6 C:/Users/teo_a/workspace/freeRTOS/Release/libfreeRTOS.a(tasks.o)
                0x00002686                xTaskCheckForTimeOut
 .text.vTaskMissedYield
                0x0000272c        0x8 C:/Users/teo_a/workspace/freeRTOS/Release/libfreeRTOS.a(tasks.o)
                0x0000272c                vTaskMissedYield
 .text.vTaskPriorityInherit
                0x00002734       0xbe C:/Users/teo_a/workspace/freeRTOS/Release/libfreeRTOS.a(tasks.o)
                0x00002734                vTaskPriorityInherit
 .text.xTaskPriorityDisinherit
                0x000027f2       0x74 C:/Users/teo_a/workspace/freeRTOS/Release/libfreeRTOS.a(tasks.o)
                0x000027f2                xTaskPriorityDisinherit
 .text.pvTaskIncrementMutexHeldCount
                0x00002866       0x24 C:/Users/teo_a/workspace/freeRTOS/Release/libfreeRTOS.a(tasks.o)
                0x00002866                pvTaskIncrementMutexHeldCount
 .text.pvPortMalloc
                0x0000288a      0x120 C:/Users/teo_a/workspace/freeRTOS/Release/libfreeRTOS.a(heap_2.o)
                0x0000288a                pvPortMalloc
 .text.vPortFree
                0x000029aa       0x54 C:/Users/teo_a/workspace/freeRTOS/Release/libfreeRTOS.a(heap_2.o)
                0x000029aa                vPortFree
 .text.pxPortInitialiseStack
                0x000029fe       0xd8 C:/Users/teo_a/workspace/freeRTOS/Release/libfreeRTOS.a(port.o)
                0x000029fe                pxPortInitialiseStack
 .text.xPortStartScheduler
                0x00002ad6       0x76 C:/Users/teo_a/workspace/freeRTOS/Release/libfreeRTOS.a(port.o)
                0x00002ad6                xPortStartScheduler
 .text.vPortYield
                0x00002b4c       0xb0 C:/Users/teo_a/workspace/freeRTOS/Release/libfreeRTOS.a(port.o)
                0x00002b4c                vPortYield
 .text.vPortYieldFromTick
                0x00002bfc       0xb4 C:/Users/teo_a/workspace/freeRTOS/Release/libfreeRTOS.a(port.o)
                0x00002bfc                vPortYieldFromTick
 .text.__vector_11
                0x00002cb0        0x4 C:/Users/teo_a/workspace/freeRTOS/Release/libfreeRTOS.a(port.o)
                0x00002cb0                __vector_11
 .text.vListInitialise
                0x00002cb4       0x22 C:/Users/teo_a/workspace/freeRTOS/Release/libfreeRTOS.a(list.o)
                0x00002cb4                vListInitialise
 .text.vListInitialiseItem
                0x00002cd6        0x8 C:/Users/teo_a/workspace/freeRTOS/Release/libfreeRTOS.a(list.o)
                0x00002cd6                vListInitialiseItem
 .text.vListInsertEnd
                0x00002cde       0x42 C:/Users/teo_a/workspace/freeRTOS/Release/libfreeRTOS.a(list.o)
                0x00002cde                vListInsertEnd
 .text.vListInsert
                0x00002d20       0x88 C:/Users/teo_a/workspace/freeRTOS/Release/libfreeRTOS.a(list.o)
                0x00002d20                vListInsert
 .text.uxListRemove
                0x00002da8       0x46 C:/Users/teo_a/workspace/freeRTOS/Release/libfreeRTOS.a(list.o)
                0x00002da8                uxListRemove
 .text.libgcc.mul
                0x00002dee       0x1e c:/program files (x86)/arduino/hardware/tools/avr/bin/../lib/gcc/avr/4.9.2/avr5\libgcc.a(_mulsi3.o)
                0x00002dee                __mulsi3
 .text.libgcc.div
                0x00002e0c       0x44 c:/program files (x86)/arduino/hardware/tools/avr/bin/../lib/gcc/avr/4.9.2/avr5\libgcc.a(_udivmodsi4.o)
                0x00002e0c                __udivmodsi4
 .text.libgcc.div
                0x00002e50       0x28 c:/program files (x86)/arduino/hardware/tools/avr/bin/../lib/gcc/avr/4.9.2/avr5\libgcc.a(_divmodsi4.o)
                0x00002e50                __divmodsi4
 .text.libgcc.div
                0x00002e78       0x10 c:/program files (x86)/arduino/hardware/tools/avr/bin/../lib/gcc/avr/4.9.2/avr5\libgcc.a(_negsi2.o)
                0x00002e78                __negsi2
 .text.libgcc.mul
                0x00002e88       0x14 c:/program files (x86)/arduino/hardware/tools/avr/bin/../lib/gcc/avr/4.9.2/avr5\libgcc.a(_muluhisi3.o)
                0x00002e88                __muluhisi3
 .text.libgcc   0x00002e9c        0xc c:/program files (x86)/arduino/hardware/tools/avr/bin/../lib/gcc/avr/4.9.2/avr5\libgcc.a(_tablejump2.o)
                0x00002e9c                __tablejump2__
 .text.libgcc.mul
                0x00002ea8       0x1e c:/program files (x86)/arduino/hardware/tools/avr/bin/../lib/gcc/avr/4.9.2/avr5\libgcc.a(_umulhisi3.o)
                0x00002ea8                __umulhisi3
 .text.avr-libc
                0x00002ec6       0x12 c:/program files (x86)/arduino/hardware/tools/avr/bin/../lib/gcc/avr/4.9.2/../../../../avr/lib/avr5\libc.a(memcpy.o)
                0x00002ec6                memcpy
                0x00002ed8                . = ALIGN (0x2)
 *(.fini9)
 .fini9         0x00002ed8        0x0 c:/program files (x86)/arduino/hardware/tools/avr/bin/../lib/gcc/avr/4.9.2/avr5\libgcc.a(_exit.o)
                0x00002ed8                _exit
                0x00002ed8                exit
 *(.fini9)
 *(.fini8)
 *(.fini8)
 *(.fini7)
 *(.fini7)
 *(.fini6)
 *(.fini6)
 *(.fini5)
 *(.fini5)
 *(.fini4)
 *(.fini4)
 *(.fini3)
 *(.fini3)
 *(.fini2)
 *(.fini2)
 *(.fini1)
 *(.fini1)
 *(.fini0)
 .fini0         0x00002ed8        0x4 c:/program files (x86)/arduino/hardware/tools/avr/bin/../lib/gcc/avr/4.9.2/avr5\libgcc.a(_exit.o)
 *(.fini0)
                0x00002edc                _etext = .

.data           0x00800100       0xb4 load address 0x00002edc
                0x00800100                PROVIDE (__data_start, .)
 *(.data)
 *(.data*)
 .data._ZL9tone_pins
                0x00800100        0x1 ./arduino/Tone.o
 .data.intFunc  0x00800101        0x4 ./arduino/WInterrupts.o
 .data.xFreeBytesRemaining
                0x00800105        0x2 C:/Users/teo_a/workspace/freeRTOS/Release/libfreeRTOS.a(heap_2.o)
 *(.rodata)
 *(.rodata*)
 .rodata._ZTV14HardwareSerial
                0x00800107       0x12 ./arduino/HardwareSerial.o
                0x00800107                _ZTV14HardwareSerial
 .rodata._ZTV9IPAddress
                0x00800119        0x6 ./arduino/IPAddress.o
                0x00800119                _ZTV9IPAddress
 .rodata.str1.1
                0x0080011f        0xf ./arduino/Print.o
 .rodata.str1.1
                0x0080012e       0x5a ./movement.o
                                 0x65 (size before relaxing)
 .rodata.str1.1
                0x00800188       0x27 ./test.o
 .rodata.str1.1
                0x008001af        0x5 C:/Users/teo_a/workspace/freeRTOS/Release/libfreeRTOS.a(tasks.o)
 *(.gnu.linkonce.d*)
                0x008001b4                . = ALIGN (0x2)
                0x008001b4                _edata = .
                0x008001b4                PROVIDE (__data_end, .)

.bss            0x008001b4      0x757
                0x008001b4                PROVIDE (__bss_start, .)
 *(.bss)
 *(.bss*)
 .bss.Serial    0x008001b4       0x9d ./arduino/HardwareSerial0.o
                0x008001b4                Serial
 .bss._ZL11INADDR_NONE
                0x00800251        0x6 ./arduino/IPAddress.o
 .bss.timer2_pin_mask
                0x00800257        0x1 ./arduino/Tone.o
                0x00800257                timer2_pin_mask
 .bss.timer2_pin_port
                0x00800258        0x2 ./arduino/Tone.o
                0x00800258                timer2_pin_port
 .bss.timer2_toggle_count
                0x0080025a        0x4 ./arduino/Tone.o
                0x0080025a                timer2_toggle_count
 .bss.timer0_fract
                0x0080025e        0x1 ./arduino/wiring.o
 .bss.timer0_millis
                0x0080025f        0x4 ./arduino/wiring.o
                0x0080025f                timer0_millis
 .bss.timer0_overflow_count
                0x00800263        0x4 ./arduino/wiring.o
                0x00800263                timer0_overflow_count
 .bss.xSemaphoreMusic
                0x00800267        0x2 ./buzzer.o
                0x00800267                xSemaphoreMusic
 .bss.xQueueMusic
                0x00800269        0x2 ./buzzer.o
                0x00800269                xQueueMusic
 .bss.xSemaphoreRed
                0x0080026b        0x2 ./led.o
                0x0080026b                xSemaphoreRed
 .bss.xSemaphoreGreen
                0x0080026d        0x2 ./led.o
                0x0080026d                xSemaphoreGreen
 .bss.xQueueGreen
                0x0080026f        0x2 ./led.o
                0x0080026f                xQueueGreen
 .bss.xQueueRed
                0x00800271        0x2 ./led.o
                0x00800271                xQueueRed
 .bss.xCommandQueue
                0x00800273        0x2 ./movement.o
                0x00800273                xCommandQueue
 .bss.uxSchedulerSuspended
                0x00800275        0x1 C:/Users/teo_a/workspace/freeRTOS/Release/libfreeRTOS.a(tasks.o)
 .bss.xNextTaskUnblockTime
                0x00800276        0x4 C:/Users/teo_a/workspace/freeRTOS/Release/libfreeRTOS.a(tasks.o)
 .bss.uxTaskNumber
                0x0080027a        0x1 C:/Users/teo_a/workspace/freeRTOS/Release/libfreeRTOS.a(tasks.o)
 .bss.xNumOfOverflows
                0x0080027b        0x1 C:/Users/teo_a/workspace/freeRTOS/Release/libfreeRTOS.a(tasks.o)
 .bss.xYieldPending
                0x0080027c        0x1 C:/Users/teo_a/workspace/freeRTOS/Release/libfreeRTOS.a(tasks.o)
 .bss.uxPendedTicks
                0x0080027d        0x1 C:/Users/teo_a/workspace/freeRTOS/Release/libfreeRTOS.a(tasks.o)
 .bss.xSchedulerRunning
                0x0080027e        0x1 C:/Users/teo_a/workspace/freeRTOS/Release/libfreeRTOS.a(tasks.o)
 .bss.uxTopReadyPriority
                0x0080027f        0x1 C:/Users/teo_a/workspace/freeRTOS/Release/libfreeRTOS.a(tasks.o)
 .bss.xTickCount
                0x00800280        0x4 C:/Users/teo_a/workspace/freeRTOS/Release/libfreeRTOS.a(tasks.o)
 .bss.uxCurrentNumberOfTasks
                0x00800284        0x1 C:/Users/teo_a/workspace/freeRTOS/Release/libfreeRTOS.a(tasks.o)
 .bss.uxTasksDeleted
                0x00800285        0x1 C:/Users/teo_a/workspace/freeRTOS/Release/libfreeRTOS.a(tasks.o)
 .bss.xTasksWaitingTermination
                0x00800286        0xb C:/Users/teo_a/workspace/freeRTOS/Release/libfreeRTOS.a(tasks.o)
 .bss.xPendingReadyList
                0x00800291        0xb C:/Users/teo_a/workspace/freeRTOS/Release/libfreeRTOS.a(tasks.o)
 .bss.pxOverflowDelayedTaskList
                0x0080029c        0x2 C:/Users/teo_a/workspace/freeRTOS/Release/libfreeRTOS.a(tasks.o)
 .bss.pxDelayedTaskList
                0x0080029e        0x2 C:/Users/teo_a/workspace/freeRTOS/Release/libfreeRTOS.a(tasks.o)
 .bss.xDelayedTaskList2
                0x008002a0        0xb C:/Users/teo_a/workspace/freeRTOS/Release/libfreeRTOS.a(tasks.o)
 .bss.xDelayedTaskList1
                0x008002ab        0xb C:/Users/teo_a/workspace/freeRTOS/Release/libfreeRTOS.a(tasks.o)
 .bss.pxReadyTasksLists
                0x008002b6       0x6e C:/Users/teo_a/workspace/freeRTOS/Release/libfreeRTOS.a(tasks.o)
 .bss.pxCurrentTCB
                0x00800324        0x2 C:/Users/teo_a/workspace/freeRTOS/Release/libfreeRTOS.a(tasks.o)
                0x00800324                pxCurrentTCB
 .bss.xHeapHasBeenInitialised.1907
                0x00800326        0x1 C:/Users/teo_a/workspace/freeRTOS/Release/libfreeRTOS.a(heap_2.o)
 .bss.xEnd      0x00800327        0x4 C:/Users/teo_a/workspace/freeRTOS/Release/libfreeRTOS.a(heap_2.o)
 .bss.xStart    0x0080032b        0x4 C:/Users/teo_a/workspace/freeRTOS/Release/libfreeRTOS.a(heap_2.o)
 .bss.ucHeap    0x0080032f      0x5dc C:/Users/teo_a/workspace/freeRTOS/Release/libfreeRTOS.a(heap_2.o)
 *(COMMON)
                0x0080090b                PROVIDE (__bss_end, .)
                0x00002edc                __data_load_start = LOADADDR (.data)
                0x00002f90                __data_load_end = (__data_load_start + SIZEOF (.data))

.noinit         0x0080090b        0x0
                [!provide]                PROVIDE (__noinit_start, .)
 *(.noinit*)
                [!provide]                PROVIDE (__noinit_end, .)
                0x0080090b                _end = .
                0x0080090b                PROVIDE (__heap_start, .)

.eeprom         0x00810000        0x0
 *(.eeprom*)
                0x00810000                __eeprom_end = .

.fuse
 *(.fuse)
 *(.lfuse)
 *(.hfuse)
 *(.efuse)

.lock
 *(.lock*)

.signature
 *(.signature*)

.user_signatures
 *(.user_signatures*)

.stab
 *(.stab)

.stabstr
 *(.stabstr)

.stab.excl
 *(.stab.excl)

.stab.exclstr
 *(.stab.exclstr)

.stab.index
 *(.stab.index)

.stab.indexstr
 *(.stab.indexstr)

.comment        0x00000000       0x11
 *(.comment)
 .comment       0x00000000       0x11 ./arduino/HardwareSerial.o
                                 0x12 (size before relaxing)
 .comment       0x00000011       0x12 ./arduino/HardwareSerial0.o
 .comment       0x00000011       0x12 ./arduino/IPAddress.o
 .comment       0x00000011       0x12 ./arduino/Print.o
 .comment       0x00000011       0x12 ./arduino/Tone.o
 .comment       0x00000011       0x12 ./arduino/WInterrupts.o
 .comment       0x00000011       0x12 ./arduino/WMath.o
 .comment       0x00000011       0x12 ./arduino/hooks.o
 .comment       0x00000011       0x12 ./arduino/main.o
 .comment       0x00000011       0x12 ./arduino/wiring.o
 .comment       0x00000011       0x12 ./arduino/wiring_analog.o
 .comment       0x00000011       0x12 ./arduino/wiring_digital.o
 .comment       0x00000011       0x12 ./arduino/wiring_shift.o
 .comment       0x00000011       0x12 ./buzzer.o
 .comment       0x00000011       0x12 ./led.o
 .comment       0x00000011       0x12 ./movement.o
 .comment       0x00000011       0x12 ./test.o
 .comment       0x00000011       0x12 C:/Users/teo_a/workspace/freeRTOS/Release/libfreeRTOS.a(queue.o)
 .comment       0x00000011       0x12 C:/Users/teo_a/workspace/freeRTOS/Release/libfreeRTOS.a(tasks.o)
 .comment       0x00000011       0x12 C:/Users/teo_a/workspace/freeRTOS/Release/libfreeRTOS.a(heap_2.o)
 .comment       0x00000011       0x12 C:/Users/teo_a/workspace/freeRTOS/Release/libfreeRTOS.a(port.o)
 .comment       0x00000011       0x12 C:/Users/teo_a/workspace/freeRTOS/Release/libfreeRTOS.a(list.o)

.note.gnu.avr.deviceinfo
                0x00000000       0x40
 .note.gnu.avr.deviceinfo
                0x00000000       0x40 c:/program files (x86)/arduino/hardware/tools/avr/bin/../lib/gcc/avr/4.9.2/../../../../avr/lib/avr5/crtatmega328p.o

.note.gnu.build-id
 *(.note.gnu.build-id)

.debug
 *(.debug)

.line
 *(.line)

.debug_srcinfo
 *(.debug_srcinfo)

.debug_sfnames
 *(.debug_sfnames)

.debug_aranges
 *(.debug_aranges)

.debug_pubnames
 *(.debug_pubnames)

.debug_info     0x00000000      0x5f4
 *(.debug_info .gnu.linkonce.wi.*)
 .debug_info    0x00000000      0x5f4 c:/program files (x86)/arduino/hardware/tools/avr/bin/../lib/gcc/avr/4.9.2/../../../../avr/lib/avr5/crtatmega328p.o

.debug_abbrev   0x00000000      0x5a2
 *(.debug_abbrev)
 .debug_abbrev  0x00000000      0x5a2 c:/program files (x86)/arduino/hardware/tools/avr/bin/../lib/gcc/avr/4.9.2/../../../../avr/lib/avr5/crtatmega328p.o

.debug_line     0x00000000       0x1a
 *(.debug_line .debug_line.* .debug_line_end)
 .debug_line    0x00000000       0x1a c:/program files (x86)/arduino/hardware/tools/avr/bin/../lib/gcc/avr/4.9.2/../../../../avr/lib/avr5/crtatmega328p.o

.debug_frame
 *(.debug_frame)

.debug_str      0x00000000      0x208
 *(.debug_str)
 .debug_str     0x00000000      0x208 c:/program files (x86)/arduino/hardware/tools/avr/bin/../lib/gcc/avr/4.9.2/../../../../avr/lib/avr5/crtatmega328p.o

.debug_loc
 *(.debug_loc)

.debug_macinfo
 *(.debug_macinfo)

.debug_weaknames
 *(.debug_weaknames)

.debug_funcnames
 *(.debug_funcnames)

.debug_typenames
 *(.debug_typenames)

.debug_varnames
 *(.debug_varnames)

.debug_pubtypes
 *(.debug_pubtypes)

.debug_ranges
 *(.debug_ranges)

.debug_macro
 *(.debug_macro)
OUTPUT(test.elf elf32-avr)
LOAD linker stubs

Cross Reference Table

Symbol                                            File
Serial                                            ./arduino/HardwareSerial0.o
                                                  ./test.o
                                                  ./movement.o
_Z10randomSeedm                                   ./arduino/WMath.o
_Z11runGreenLedPv                                 ./led.o
                                                  ./test.o
_Z11serialEventv                                  ./arduino/HardwareSerial.o
_Z12disableTimerh                                 ./arduino/Tone.o
_Z12movementTaskPv                                ./movement.o
                                                  ./test.o
_Z13babysharkTaskPv                               ./buzzer.o
_Z14serialEventRunv                               ./arduino/HardwareSerial.o
                                                  ./arduino/main.o
_Z16bluetoothReceivePv                            ./test.o
_Z17Serial0_availablev                            ./arduino/HardwareSerial0.o
                                                  ./arduino/HardwareSerial.o
_Z19updateShiftRegisterh                          ./led.o
                                                  ./movement.o
_Z3maplllll                                       ./arduino/WMath.o
                                                  ./movement.o
_Z4tonehjm                                        ./arduino/Tone.o
_Z6myTonehjj                                      ./buzzer.o
_Z6noToneh                                        ./arduino/Tone.o
_Z6randoml                                        ./arduino/WMath.o
_Z6randomll                                       ./arduino/WMath.o
_Z7endtonev                                       ./buzzer.o
                                                  ./movement.o
_Z8makeWordhh                                     ./arduino/WMath.o
_Z8makeWordj                                      ./arduino/WMath.o
_Z8sequencev                                      ./buzzer.o
_Z8setupUSBv                                      ./arduino/main.o
_Z9runRedLedPv                                    ./led.o
                                                  ./test.o
_Z9starttonev                                     ./buzzer.o
                                                  ./movement.o
_ZN14HardwareSerial17_tx_udr_empty_irqEv          ./arduino/HardwareSerial.o
                                                  ./arduino/HardwareSerial0.o
_ZN14HardwareSerial17availableForWriteEv          ./arduino/HardwareSerial.o
_ZN14HardwareSerial3endEv                         ./arduino/HardwareSerial.o
_ZN14HardwareSerial4peekEv                        ./arduino/HardwareSerial.o
_ZN14HardwareSerial4readEv                        ./arduino/HardwareSerial.o
                                                  ./test.o
_ZN14HardwareSerial5beginEmh                      ./arduino/HardwareSerial.o
                                                  ./test.o
_ZN14HardwareSerial5flushEv                       ./arduino/HardwareSerial.o
                                                  ./test.o
_ZN14HardwareSerial5writeEh                       ./arduino/HardwareSerial.o
_ZN14HardwareSerial9availableEv                   ./arduino/HardwareSerial.o
                                                  ./test.o
                                                  ./arduino/HardwareSerial0.o
_ZN5Print10printFloatEdh                          ./arduino/Print.o
_ZN5Print11printNumberEmh                         ./arduino/Print.o
_ZN5Print17availableForWriteEv                    ./arduino/HardwareSerial0.o
                                                  ./arduino/Print.o
_ZN5Print5flushEv                                 ./arduino/HardwareSerial0.o
                                                  ./arduino/Print.o
_ZN5Print5printEPK19__FlashStringHelper           ./arduino/Print.o
_ZN5Print5printEPKc                               ./arduino/Print.o
                                                  ./movement.o
_ZN5Print5printERK6String                         ./arduino/Print.o
_ZN5Print5printERK9Printable                      ./arduino/Print.o
_ZN5Print5printEc                                 ./arduino/Print.o
                                                  ./test.o
                                                  ./arduino/IPAddress.o
_ZN5Print5printEdi                                ./arduino/Print.o
_ZN5Print5printEhi                                ./arduino/Print.o
                                                  ./arduino/IPAddress.o
_ZN5Print5printEii                                ./arduino/Print.o
_ZN5Print5printEji                                ./arduino/Print.o
_ZN5Print5printEli                                ./arduino/Print.o
_ZN5Print5printEmi                                ./arduino/Print.o
_ZN5Print5writeEPKc                               ./arduino/Print.o
_ZN5Print5writeEPKhj                              ./arduino/Print.o
                                                  ./arduino/HardwareSerial.o
_ZN5Print7printlnEPK19__FlashStringHelper         ./arduino/Print.o
_ZN5Print7printlnEPKc                             ./arduino/Print.o
                                                  ./movement.o
_ZN5Print7printlnERK6String                       ./arduino/Print.o
_ZN5Print7printlnERK9Printable                    ./arduino/Print.o
_ZN5Print7printlnEc                               ./arduino/Print.o
                                                  ./movement.o
_ZN5Print7printlnEdi                              ./arduino/Print.o
_ZN5Print7printlnEhi                              ./arduino/Print.o
_ZN5Print7printlnEii                              ./arduino/Print.o
_ZN5Print7printlnEji                              ./arduino/Print.o
_ZN5Print7printlnEli                              ./arduino/Print.o
_ZN5Print7printlnEmi                              ./arduino/Print.o
_ZN5Print7printlnEv                               ./arduino/Print.o
_ZN6Stream10parseFloatE13LookaheadModec           ./arduino/Stream.o
_ZN6Stream10readStringEv                          ./arduino/Stream.o
_ZN6Stream10setTimeoutEm                          ./arduino/Stream.o
_ZN6Stream13peekNextDigitE13LookaheadModeb        ./arduino/Stream.o
_ZN6Stream14readBytesUntilEcPcj                   ./arduino/Stream.o
_ZN6Stream15readStringUntilEc                     ./arduino/Stream.o
_ZN6Stream4findEPc                                ./arduino/Stream.o
_ZN6Stream4findEPcj                               ./arduino/Stream.o
_ZN6Stream8parseIntE13LookaheadModec              ./arduino/Stream.o
_ZN6Stream9findMultiEPNS_11MultiTargetEi          ./arduino/Stream.o
_ZN6Stream9findUntilEPcS0_                        ./arduino/Stream.o
_ZN6Stream9findUntilEPcjS0_j                      ./arduino/Stream.o
_ZN6Stream9readBytesEPcj                          ./arduino/Stream.o
_ZN6Stream9timedPeekEv                            ./arduino/Stream.o
_ZN6Stream9timedReadEv                            ./arduino/Stream.o
_ZN6String10invalidateEv                          ./arduino/WString.o
_ZN6String11toLowerCaseEv                         ./arduino/WString.o
_ZN6String11toUpperCaseEv                         ./arduino/WString.o
_ZN6String12changeBufferEj                        ./arduino/WString.o
_ZN6String4copyEPK19__FlashStringHelperj          ./arduino/WString.o
_ZN6String4copyEPKcj                              ./arduino/WString.o
_ZN6String4trimEv                                 ./arduino/WString.o
_ZN6String6concatEPK19__FlashStringHelper         ./arduino/WString.o
_ZN6String6concatEPKc                             ./arduino/WString.o
_ZN6String6concatEPKcj                            ./arduino/WString.o
_ZN6String6concatERKS_                            ./arduino/WString.o
_ZN6String6concatEc                               ./arduino/WString.o
                                                  ./arduino/Stream.o
_ZN6String6concatEd                               ./arduino/WString.o
_ZN6String6concatEf                               ./arduino/WString.o
_ZN6String6concatEh                               ./arduino/WString.o
_ZN6String6concatEi                               ./arduino/WString.o
_ZN6String6concatEj                               ./arduino/WString.o
_ZN6String6concatEl                               ./arduino/WString.o
_ZN6String6concatEm                               ./arduino/WString.o
_ZN6String6removeEj                               ./arduino/WString.o
_ZN6String6removeEjj                              ./arduino/WString.o
_ZN6String7replaceERKS_S1_                        ./arduino/WString.o
_ZN6String7replaceEcc                             ./arduino/WString.o
_ZN6String7reserveEj                              ./arduino/WString.o
_ZN6String9setCharAtEjc                           ./arduino/WString.o
_ZN6StringC1EPK19__FlashStringHelper              ./arduino/WString.o
_ZN6StringC1EPKc                                  ./arduino/WString.o
                                                  ./arduino/Stream.o
_ZN6StringC1ERKS_                                 ./arduino/WString.o
_ZN6StringC1Ec                                    ./arduino/WString.o
_ZN6StringC1Edh                                   ./arduino/WString.o
_ZN6StringC1Efh                                   ./arduino/WString.o
_ZN6StringC1Ehh                                   ./arduino/WString.o
_ZN6StringC1Eih                                   ./arduino/WString.o
_ZN6StringC1Ejh                                   ./arduino/WString.o
_ZN6StringC1Elh                                   ./arduino/WString.o
_ZN6StringC1Emh                                   ./arduino/WString.o
_ZN6StringC2EPK19__FlashStringHelper              ./arduino/WString.o
_ZN6StringC2EPKc                                  ./arduino/WString.o
_ZN6StringC2ERKS_                                 ./arduino/WString.o
_ZN6StringC2Ec                                    ./arduino/WString.o
_ZN6StringC2Edh                                   ./arduino/WString.o
_ZN6StringC2Efh                                   ./arduino/WString.o
_ZN6StringC2Ehh                                   ./arduino/WString.o
_ZN6StringC2Eih                                   ./arduino/WString.o
_ZN6StringC2Ejh                                   ./arduino/WString.o
_ZN6StringC2Elh                                   ./arduino/WString.o
_ZN6StringC2Emh                                   ./arduino/WString.o
_ZN6StringD1Ev                                    ./arduino/WString.o
_ZN6StringD2Ev                                    ./arduino/WString.o
_ZN6StringaSEPK19__FlashStringHelper              ./arduino/WString.o
_ZN6StringaSEPKc                                  ./arduino/WString.o
_ZN6StringaSERKS_                                 ./arduino/WString.o
_ZN6StringixEj                                    ./arduino/WString.o
_ZN9IPAddress10fromStringEPKc                     ./arduino/IPAddress.o
_ZN9IPAddressC1EPKh                               ./arduino/IPAddress.o
_ZN9IPAddressC1Ehhhh                              ./arduino/IPAddress.o
_ZN9IPAddressC1Em                                 ./arduino/IPAddress.o
_ZN9IPAddressC1Ev                                 ./arduino/IPAddress.o
_ZN9IPAddressC2EPKh                               ./arduino/IPAddress.o
_ZN9IPAddressC2Ehhhh                              ./arduino/IPAddress.o
_ZN9IPAddressC2Em                                 ./arduino/IPAddress.o
_ZN9IPAddressC2Ev                                 ./arduino/IPAddress.o
_ZN9IPAddressaSEPKh                               ./arduino/IPAddress.o
_ZN9IPAddressaSEm                                 ./arduino/IPAddress.o
_ZNK6String10startsWithERKS_                      ./arduino/WString.o
_ZNK6String10startsWithERKS_j                     ./arduino/WString.o
_ZNK6String11lastIndexOfERKS_                     ./arduino/WString.o
_ZNK6String11lastIndexOfERKS_j                    ./arduino/WString.o
_ZNK6String11lastIndexOfEc                        ./arduino/WString.o
_ZNK6String11lastIndexOfEcj                       ./arduino/WString.o
_ZNK6String16equalsIgnoreCaseERKS_                ./arduino/WString.o
_ZNK6String5toIntEv                               ./arduino/WString.o
_ZNK6String6charAtEj                              ./arduino/WString.o
_ZNK6String6equalsEPKc                            ./arduino/WString.o
_ZNK6String6equalsERKS_                           ./arduino/WString.o
_ZNK6String7indexOfERKS_                          ./arduino/WString.o
_ZNK6String7indexOfERKS_j                         ./arduino/WString.o
_ZNK6String7indexOfEc                             ./arduino/WString.o
_ZNK6String7indexOfEcj                            ./arduino/WString.o
_ZNK6String7toFloatEv                             ./arduino/WString.o
_ZNK6String8endsWithERKS_                         ./arduino/WString.o
_ZNK6String8getBytesEPhjj                         ./arduino/WString.o
_ZNK6String8toDoubleEv                            ./arduino/WString.o
_ZNK6String9compareToERKS_                        ./arduino/WString.o
_ZNK6String9substringEjj                          ./arduino/WString.o
_ZNK6StringgeERKS_                                ./arduino/WString.o
_ZNK6StringgtERKS_                                ./arduino/WString.o
_ZNK6StringixEj                                   ./arduino/WString.o
_ZNK6StringleERKS_                                ./arduino/WString.o
_ZNK6StringltERKS_                                ./arduino/WString.o
_ZNK9IPAddress7printToER5Print                    ./arduino/IPAddress.o
_ZNK9IPAddresseqEPKh                              ./arduino/IPAddress.o
_ZTV14HardwareSerial                              ./arduino/HardwareSerial.o
                                                  ./arduino/HardwareSerial0.o
_ZTV5Print                                        ./arduino/Print.o
_ZTV9IPAddress                                    ./arduino/IPAddress.o
_ZdaPv                                            ./arduino/new.o
_ZdlPv                                            ./arduino/new.o
_Znaj                                             ./arduino/new.o
_Znwj                                             ./arduino/new.o
_ZplRK15StringSumHelperPK19__FlashStringHelper    ./arduino/WString.o
_ZplRK15StringSumHelperPKc                        ./arduino/WString.o
_ZplRK15StringSumHelperRK6String                  ./arduino/WString.o
_ZplRK15StringSumHelperc                          ./arduino/WString.o
_ZplRK15StringSumHelperd                          ./arduino/WString.o
_ZplRK15StringSumHelperf                          ./arduino/WString.o
_ZplRK15StringSumHelperh                          ./arduino/WString.o
_ZplRK15StringSumHelperi                          ./arduino/WString.o
_ZplRK15StringSumHelperj                          ./arduino/WString.o
_ZplRK15StringSumHelperl                          ./arduino/WString.o
_ZplRK15StringSumHelperm                          ./arduino/WString.o
__FUSE_REGION_LENGTH__                            c:/program files (x86)/arduino/hardware/tools/avr/bin/../lib/gcc/avr/4.9.2/../../../../avr/lib/avr5/crtatmega328p.o
__addsf3                                          c:/program files (x86)/arduino/hardware/tools/avr/bin/../lib/gcc/avr/4.9.2/../../../../avr/lib/avr5\libm.a(addsf3.o)
                                                  ./arduino/Print.o
__addsf3x                                         c:/program files (x86)/arduino/hardware/tools/avr/bin/../lib/gcc/avr/4.9.2/../../../../avr/lib/avr5\libm.a(addsf3x.o)
                                                  c:/program files (x86)/arduino/hardware/tools/avr/bin/../lib/gcc/avr/4.9.2/../../../../avr/lib/avr5\libm.a(addsf3.o)
__bad_interrupt                                   c:/program files (x86)/arduino/hardware/tools/avr/bin/../lib/gcc/avr/4.9.2/../../../../avr/lib/avr5/crtatmega328p.o
__brkval                                          c:/program files (x86)/arduino/hardware/tools/avr/bin/../lib/gcc/avr/4.9.2/../../../../avr/lib/avr5\libc.a(malloc.o)
                                                  c:/program files (x86)/arduino/hardware/tools/avr/bin/../lib/gcc/avr/4.9.2/../../../../avr/lib/avr5\libc.a(realloc.o)
__bss_end                                         c:/program files (x86)/arduino/hardware/tools/avr/bin/../lib/gcc/avr/4.9.2/avr5\libgcc.a(_clear_bss.o)
__bss_start                                       c:/program files (x86)/arduino/hardware/tools/avr/bin/../lib/gcc/avr/4.9.2/avr5\libgcc.a(_clear_bss.o)
__cmpsf2                                          c:/program files (x86)/arduino/hardware/tools/avr/bin/../lib/gcc/avr/4.9.2/../../../../avr/lib/avr5\libm.a(cmpsf2.o)
__ctors_end                                       c:/program files (x86)/arduino/hardware/tools/avr/bin/../lib/gcc/avr/4.9.2/avr5\libgcc.a(_ctors.o)
__ctors_start                                     c:/program files (x86)/arduino/hardware/tools/avr/bin/../lib/gcc/avr/4.9.2/avr5\libgcc.a(_ctors.o)
__ctype_isfalse                                   c:/program files (x86)/arduino/hardware/tools/avr/bin/../lib/gcc/avr/4.9.2/../../../../avr/lib/avr5\libc.a(cty_isfalse.o)
                                                  c:/program files (x86)/arduino/hardware/tools/avr/bin/../lib/gcc/avr/4.9.2/../../../../avr/lib/avr5\libc.a(isspace.o)
__ctype_istrue                                    c:/program files (x86)/arduino/hardware/tools/avr/bin/../lib/gcc/avr/4.9.2/../../../../avr/lib/avr5\libc.a(cty_isfalse.o)
__cxa_deleted_virtual                             ./arduino/abi.o
__cxa_pure_virtual                                ./arduino/abi.o
                                                  ./arduino/Print.o
__data_end                                        c:/program files (x86)/arduino/hardware/tools/avr/bin/../lib/gcc/avr/4.9.2/avr5\libgcc.a(_copy_data.o)
__data_load_start                                 c:/program files (x86)/arduino/hardware/tools/avr/bin/../lib/gcc/avr/4.9.2/avr5\libgcc.a(_copy_data.o)
__data_start                                      c:/program files (x86)/arduino/hardware/tools/avr/bin/../lib/gcc/avr/4.9.2/avr5\libgcc.a(_copy_data.o)
__divmodsi4                                       c:/program files (x86)/arduino/hardware/tools/avr/bin/../lib/gcc/avr/4.9.2/avr5\libgcc.a(_divmodsi4.o)
                                                  c:/program files (x86)/arduino/hardware/tools/avr/bin/../lib/gcc/avr/4.9.2/../../../../avr/lib/avr5\libc.a(random.o)
                                                  ./buzzer.o
                                                  ./arduino/WMath.o
__divsf3                                          c:/program files (x86)/arduino/hardware/tools/avr/bin/../lib/gcc/avr/4.9.2/../../../../avr/lib/avr5\libm.a(divsf3.o)
                                                  ./arduino/Print.o
__divsf3_pse                                      c:/program files (x86)/arduino/hardware/tools/avr/bin/../lib/gcc/avr/4.9.2/../../../../avr/lib/avr5\libm.a(divsf3x.o)
__divsf3x                                         c:/program files (x86)/arduino/hardware/tools/avr/bin/../lib/gcc/avr/4.9.2/../../../../avr/lib/avr5\libm.a(divsf3x.o)
                                                  c:/program files (x86)/arduino/hardware/tools/avr/bin/../lib/gcc/avr/4.9.2/../../../../avr/lib/avr5\libm.a(divsf3.o)
__do_clear_bss                                    c:/program files (x86)/arduino/hardware/tools/avr/bin/../lib/gcc/avr/4.9.2/avr5\libgcc.a(_clear_bss.o)
                                                  c:/program files (x86)/arduino/hardware/tools/avr/bin/../lib/gcc/avr/4.9.2/../../../../avr/lib/avr5\libc.a(errno.o)
                                                  c:/program files (x86)/arduino/hardware/tools/avr/bin/../lib/gcc/avr/4.9.2/../../../../avr/lib/avr5\libc.a(malloc.o)
                                                  C:/Users/teo_a/workspace/freeRTOS/Release/libfreeRTOS.a(heap_2.o)
                                                  C:/Users/teo_a/workspace/freeRTOS/Release/libfreeRTOS.a(tasks.o)
                                                  ./movement.o
                                                  ./led.o
                                                  ./buzzer.o
                                                  ./arduino/wiring.o
                                                  ./arduino/WString.o
                                                  ./arduino/Tone.o
                                                  ./arduino/IPAddress.o
                                                  ./arduino/HardwareSerial0.o
__do_copy_data                                    c:/program files (x86)/arduino/hardware/tools/avr/bin/../lib/gcc/avr/4.9.2/avr5\libgcc.a(_copy_data.o)
                                                  c:/program files (x86)/arduino/hardware/tools/avr/bin/../lib/gcc/avr/4.9.2/../../../../avr/lib/avr5\libc.a(random.o)
                                                  c:/program files (x86)/arduino/hardware/tools/avr/bin/../lib/gcc/avr/4.9.2/../../../../avr/lib/avr5\libc.a(malloc.o)
                                                  C:/Users/teo_a/workspace/freeRTOS/Release/libfreeRTOS.a(heap_2.o)
                                                  C:/Users/teo_a/workspace/freeRTOS/Release/libfreeRTOS.a(tasks.o)
                                                  ./test.o
                                                  ./movement.o
                                                  ./arduino/wiring_analog.o
                                                  ./arduino/WString.o
                                                  ./arduino/WInterrupts.o
                                                  ./arduino/Tone.o
                                                  ./arduino/Stream.o
                                                  ./arduino/Print.o
                                                  ./arduino/IPAddress.o
                                                  ./arduino/HardwareSerial.o
__do_global_ctors                                 c:/program files (x86)/arduino/hardware/tools/avr/bin/../lib/gcc/avr/4.9.2/avr5\libgcc.a(_ctors.o)
                                                  ./movement.o
                                                  ./led.o
                                                  ./buzzer.o
                                                  ./arduino/IPAddress.o
                                                  ./arduino/HardwareSerial0.o
__epilogue_restores__                             c:/program files (x86)/arduino/hardware/tools/avr/bin/../lib/gcc/avr/4.9.2/avr5\libgcc.a(_epilogue.o)
                                                  c:/program files (x86)/arduino/hardware/tools/avr/bin/../lib/gcc/avr/4.9.2/../../../../avr/lib/avr5\libc.a(strtod.o)
                                                  c:/program files (x86)/arduino/hardware/tools/avr/bin/../lib/gcc/avr/4.9.2/../../../../avr/lib/avr5\libc.a(realloc.o)
__eqsf2                                           c:/program files (x86)/arduino/hardware/tools/avr/bin/../lib/gcc/avr/4.9.2/../../../../avr/lib/avr5\libm.a(cmpsf2.o)
                                                  c:/program files (x86)/arduino/hardware/tools/avr/bin/../lib/gcc/avr/4.9.2/../../../../avr/lib/avr5\libc.a(strtod.o)
__fixunssfsi                                      c:/program files (x86)/arduino/hardware/tools/avr/bin/../lib/gcc/avr/4.9.2/../../../../avr/lib/avr5\libm.a(fixunssfsi.o)
                                                  ./arduino/Print.o
__floatsisf                                       c:/program files (x86)/arduino/hardware/tools/avr/bin/../lib/gcc/avr/4.9.2/../../../../avr/lib/avr5\libm.a(floatsisf.o)
                                                  ./arduino/Stream.o
__floatunsisf                                     c:/program files (x86)/arduino/hardware/tools/avr/bin/../lib/gcc/avr/4.9.2/../../../../avr/lib/avr5\libm.a(floatsisf.o)
                                                  c:/program files (x86)/arduino/hardware/tools/avr/bin/../lib/gcc/avr/4.9.2/../../../../avr/lib/avr5\libc.a(strtod.o)
                                                  ./arduino/Print.o
__flp                                             c:/program files (x86)/arduino/hardware/tools/avr/bin/../lib/gcc/avr/4.9.2/../../../../avr/lib/avr5\libc.a(malloc.o)
                                                  c:/program files (x86)/arduino/hardware/tools/avr/bin/../lib/gcc/avr/4.9.2/../../../../avr/lib/avr5\libc.a(realloc.o)
__fp_cmp                                          c:/program files (x86)/arduino/hardware/tools/avr/bin/../lib/gcc/avr/4.9.2/../../../../avr/lib/avr5\libm.a(fp_cmp.o)
                                                  c:/program files (x86)/arduino/hardware/tools/avr/bin/../lib/gcc/avr/4.9.2/../../../../avr/lib/avr5\libm.a(unordsf2.o)
                                                  c:/program files (x86)/arduino/hardware/tools/avr/bin/../lib/gcc/avr/4.9.2/../../../../avr/lib/avr5\libm.a(gesf2.o)
                                                  c:/program files (x86)/arduino/hardware/tools/avr/bin/../lib/gcc/avr/4.9.2/../../../../avr/lib/avr5\libm.a(cmpsf2.o)
__fp_inf                                          c:/program files (x86)/arduino/hardware/tools/avr/bin/../lib/gcc/avr/4.9.2/../../../../avr/lib/avr5\libm.a(fp_inf.o)
                                                  c:/program files (x86)/arduino/hardware/tools/avr/bin/../lib/gcc/avr/4.9.2/../../../../avr/lib/avr5\libm.a(mulsf3x.o)
                                                  c:/program files (x86)/arduino/hardware/tools/avr/bin/../lib/gcc/avr/4.9.2/../../../../avr/lib/avr5\libm.a(divsf3x.o)
                                                  c:/program files (x86)/arduino/hardware/tools/avr/bin/../lib/gcc/avr/4.9.2/../../../../avr/lib/avr5\libm.a(addsf3x.o)
__fp_nan                                          c:/program files (x86)/arduino/hardware/tools/avr/bin/../lib/gcc/avr/4.9.2/../../../../avr/lib/avr5\libm.a(fp_nan.o)
                                                  c:/program files (x86)/arduino/hardware/tools/avr/bin/../lib/gcc/avr/4.9.2/../../../../avr/lib/avr5\libm.a(mulsf3x.o)
                                                  c:/program files (x86)/arduino/hardware/tools/avr/bin/../lib/gcc/avr/4.9.2/../../../../avr/lib/avr5\libm.a(divsf3x.o)
                                                  c:/program files (x86)/arduino/hardware/tools/avr/bin/../lib/gcc/avr/4.9.2/../../../../avr/lib/avr5\libm.a(addsf3x.o)
__fp_pscA                                         c:/program files (x86)/arduino/hardware/tools/avr/bin/../lib/gcc/avr/4.9.2/../../../../avr/lib/avr5\libm.a(fp_pscA.o)
                                                  c:/program files (x86)/arduino/hardware/tools/avr/bin/../lib/gcc/avr/4.9.2/../../../../avr/lib/avr5\libm.a(mulsf3x.o)
                                                  c:/program files (x86)/arduino/hardware/tools/avr/bin/../lib/gcc/avr/4.9.2/../../../../avr/lib/avr5\libm.a(divsf3x.o)
                                                  c:/program files (x86)/arduino/hardware/tools/avr/bin/../lib/gcc/avr/4.9.2/../../../../avr/lib/avr5\libm.a(addsf3x.o)
__fp_pscB                                         c:/program files (x86)/arduino/hardware/tools/avr/bin/../lib/gcc/avr/4.9.2/../../../../avr/lib/avr5\libm.a(fp_pscB.o)
                                                  c:/program files (x86)/arduino/hardware/tools/avr/bin/../lib/gcc/avr/4.9.2/../../../../avr/lib/avr5\libm.a(mulsf3x.o)
                                                  c:/program files (x86)/arduino/hardware/tools/avr/bin/../lib/gcc/avr/4.9.2/../../../../avr/lib/avr5\libm.a(divsf3x.o)
                                                  c:/program files (x86)/arduino/hardware/tools/avr/bin/../lib/gcc/avr/4.9.2/../../../../avr/lib/avr5\libm.a(addsf3x.o)
__fp_round                                        c:/program files (x86)/arduino/hardware/tools/avr/bin/../lib/gcc/avr/4.9.2/../../../../avr/lib/avr5\libm.a(fp_round.o)
                                                  c:/program files (x86)/arduino/hardware/tools/avr/bin/../lib/gcc/avr/4.9.2/../../../../avr/lib/avr5\libm.a(mulsf3.o)
                                                  c:/program files (x86)/arduino/hardware/tools/avr/bin/../lib/gcc/avr/4.9.2/../../../../avr/lib/avr5\libm.a(divsf3.o)
                                                  c:/program files (x86)/arduino/hardware/tools/avr/bin/../lib/gcc/avr/4.9.2/../../../../avr/lib/avr5\libm.a(addsf3.o)
__fp_split3                                       c:/program files (x86)/arduino/hardware/tools/avr/bin/../lib/gcc/avr/4.9.2/../../../../avr/lib/avr5\libm.a(fp_split3.o)
                                                  c:/program files (x86)/arduino/hardware/tools/avr/bin/../lib/gcc/avr/4.9.2/../../../../avr/lib/avr5\libm.a(mulsf3x.o)
                                                  c:/program files (x86)/arduino/hardware/tools/avr/bin/../lib/gcc/avr/4.9.2/../../../../avr/lib/avr5\libm.a(divsf3x.o)
                                                  c:/program files (x86)/arduino/hardware/tools/avr/bin/../lib/gcc/avr/4.9.2/../../../../avr/lib/avr5\libm.a(addsf3x.o)
__fp_splitA                                       c:/program files (x86)/arduino/hardware/tools/avr/bin/../lib/gcc/avr/4.9.2/../../../../avr/lib/avr5\libm.a(fp_split3.o)
                                                  c:/program files (x86)/arduino/hardware/tools/avr/bin/../lib/gcc/avr/4.9.2/../../../../avr/lib/avr5\libm.a(fixunssfsi.o)
__fp_szero                                        c:/program files (x86)/arduino/hardware/tools/avr/bin/../lib/gcc/avr/4.9.2/../../../../avr/lib/avr5\libm.a(fp_zero.o)
                                                  c:/program files (x86)/arduino/hardware/tools/avr/bin/../lib/gcc/avr/4.9.2/../../../../avr/lib/avr5\libm.a(mulsf3x.o)
                                                  c:/program files (x86)/arduino/hardware/tools/avr/bin/../lib/gcc/avr/4.9.2/../../../../avr/lib/avr5\libm.a(divsf3x.o)
__fp_zero                                         c:/program files (x86)/arduino/hardware/tools/avr/bin/../lib/gcc/avr/4.9.2/../../../../avr/lib/avr5\libm.a(fp_zero.o)
                                                  c:/program files (x86)/arduino/hardware/tools/avr/bin/../lib/gcc/avr/4.9.2/../../../../avr/lib/avr5\libm.a(fixunssfsi.o)
                                                  c:/program files (x86)/arduino/hardware/tools/avr/bin/../lib/gcc/avr/4.9.2/../../../../avr/lib/avr5\libm.a(addsf3x.o)
__ftoa_engine                                     c:/program files (x86)/arduino/hardware/tools/avr/bin/../lib/gcc/avr/4.9.2/../../../../avr/lib/avr5\libc.a(ftoa_engine.o)
                                                  c:/program files (x86)/arduino/hardware/tools/avr/bin/../lib/gcc/avr/4.9.2/../../../../avr/lib/avr5\libc.a(dtoa_prf.o)
__gesf2                                           c:/program files (x86)/arduino/hardware/tools/avr/bin/../lib/gcc/avr/4.9.2/../../../../avr/lib/avr5\libm.a(gesf2.o)
__gtsf2                                           c:/program files (x86)/arduino/hardware/tools/avr/bin/../lib/gcc/avr/4.9.2/../../../../avr/lib/avr5\libm.a(gesf2.o)
                                                  ./arduino/Print.o
__heap_end                                        c:/program files (x86)/arduino/hardware/tools/avr/bin/../lib/gcc/avr/4.9.2/../../../../avr/lib/avr5/crtatmega328p.o
                                                  c:/program files (x86)/arduino/hardware/tools/avr/bin/../lib/gcc/avr/4.9.2/../../../../avr/lib/avr5\libc.a(malloc.o)
__heap_start                                      c:/program files (x86)/arduino/hardware/tools/avr/bin/../lib/gcc/avr/4.9.2/../../../../avr/lib/avr5\libc.a(malloc.o)
__init                                            c:/program files (x86)/arduino/hardware/tools/avr/bin/../lib/gcc/avr/4.9.2/../../../../avr/lib/avr5/crtatmega328p.o
__itoa                                            c:/program files (x86)/arduino/hardware/tools/avr/bin/../lib/gcc/avr/4.9.2/../../../../avr/lib/avr5\libc.a(itoa.o)
                                                  ./arduino/WString.o
__itoa_ncheck                                     c:/program files (x86)/arduino/hardware/tools/avr/bin/../lib/gcc/avr/4.9.2/../../../../avr/lib/avr5\libc.a(itoa_ncheck.o)
                                                  c:/program files (x86)/arduino/hardware/tools/avr/bin/../lib/gcc/avr/4.9.2/../../../../avr/lib/avr5\libc.a(itoa.o)
__lesf2                                           c:/program files (x86)/arduino/hardware/tools/avr/bin/../lib/gcc/avr/4.9.2/../../../../avr/lib/avr5\libm.a(cmpsf2.o)
                                                  ./arduino/Print.o
__ltoa                                            c:/program files (x86)/arduino/hardware/tools/avr/bin/../lib/gcc/avr/4.9.2/../../../../avr/lib/avr5\libc.a(ltoa.o)
                                                  ./arduino/WString.o
__ltoa_ncheck                                     c:/program files (x86)/arduino/hardware/tools/avr/bin/../lib/gcc/avr/4.9.2/../../../../avr/lib/avr5\libc.a(ltoa_ncheck.o)
                                                  c:/program files (x86)/arduino/hardware/tools/avr/bin/../lib/gcc/avr/4.9.2/../../../../avr/lib/avr5\libc.a(ltoa.o)
__ltsf2                                           c:/program files (x86)/arduino/hardware/tools/avr/bin/../lib/gcc/avr/4.9.2/../../../../avr/lib/avr5\libm.a(cmpsf2.o)
                                                  ./arduino/Print.o
__malloc_heap_end                                 c:/program files (x86)/arduino/hardware/tools/avr/bin/../lib/gcc/avr/4.9.2/../../../../avr/lib/avr5\libc.a(malloc.o)
                                                  c:/program files (x86)/arduino/hardware/tools/avr/bin/../lib/gcc/avr/4.9.2/../../../../avr/lib/avr5\libc.a(realloc.o)
__malloc_heap_start                               c:/program files (x86)/arduino/hardware/tools/avr/bin/../lib/gcc/avr/4.9.2/../../../../avr/lib/avr5\libc.a(malloc.o)
__malloc_margin                                   c:/program files (x86)/arduino/hardware/tools/avr/bin/../lib/gcc/avr/4.9.2/../../../../avr/lib/avr5\libc.a(malloc.o)
                                                  c:/program files (x86)/arduino/hardware/tools/avr/bin/../lib/gcc/avr/4.9.2/../../../../avr/lib/avr5\libc.a(realloc.o)
__mulohisi3                                       c:/program files (x86)/arduino/hardware/tools/avr/bin/../lib/gcc/avr/4.9.2/avr5\libgcc.a(_mulshisi3.o)
                                                  c:/program files (x86)/arduino/hardware/tools/avr/bin/../lib/gcc/avr/4.9.2/../../../../avr/lib/avr5\libc.a(random.o)
__mulsf3                                          c:/program files (x86)/arduino/hardware/tools/avr/bin/../lib/gcc/avr/4.9.2/../../../../avr/lib/avr5\libm.a(mulsf3.o)
                                                  c:/program files (x86)/arduino/hardware/tools/avr/bin/../lib/gcc/avr/4.9.2/../../../../avr/lib/avr5\libc.a(strtod.o)
                                                  ./arduino/Stream.o
                                                  ./arduino/Print.o
__mulsf3_pse                                      c:/program files (x86)/arduino/hardware/tools/avr/bin/../lib/gcc/avr/4.9.2/../../../../avr/lib/avr5\libm.a(mulsf3x.o)
__mulsf3x                                         c:/program files (x86)/arduino/hardware/tools/avr/bin/../lib/gcc/avr/4.9.2/../../../../avr/lib/avr5\libm.a(mulsf3x.o)
                                                  c:/program files (x86)/arduino/hardware/tools/avr/bin/../lib/gcc/avr/4.9.2/../../../../avr/lib/avr5\libm.a(mulsf3.o)
__mulshisi3                                       c:/program files (x86)/arduino/hardware/tools/avr/bin/../lib/gcc/avr/4.9.2/avr5\libgcc.a(_mulshisi3.o)
__mulsi3                                          c:/program files (x86)/arduino/hardware/tools/avr/bin/../lib/gcc/avr/4.9.2/avr5\libgcc.a(_mulsi3.o)
                                                  ./arduino/WMath.o
__mulsi_const_10                                  c:/program files (x86)/arduino/hardware/tools/avr/bin/../lib/gcc/avr/4.9.2/../../../../avr/lib/avr5\libc.a(mulsi10.o)
                                                  c:/program files (x86)/arduino/hardware/tools/avr/bin/../lib/gcc/avr/4.9.2/../../../../avr/lib/avr5\libc.a(atol.o)
__muluhisi3                                       c:/program files (x86)/arduino/hardware/tools/avr/bin/../lib/gcc/avr/4.9.2/avr5\libgcc.a(_muluhisi3.o)
                                                  c:/program files (x86)/arduino/hardware/tools/avr/bin/../lib/gcc/avr/4.9.2/avr5\libgcc.a(_mulshisi3.o)
                                                  c:/program files (x86)/arduino/hardware/tools/avr/bin/../lib/gcc/avr/4.9.2/../../../../avr/lib/avr5\libc.a(strtod.o)
                                                  c:/program files (x86)/arduino/hardware/tools/avr/bin/../lib/gcc/avr/4.9.2/../../../../avr/lib/avr5\libc.a(random.o)
                                                  c:/program files (x86)/arduino/hardware/tools/avr/bin/../lib/gcc/avr/4.9.2/avr5\libgcc.a(_mulsi3.o)
                                                  ./arduino/Tone.o
                                                  ./arduino/Stream.o
__negsi2                                          c:/program files (x86)/arduino/hardware/tools/avr/bin/../lib/gcc/avr/4.9.2/avr5\libgcc.a(_negsi2.o)
                                                  c:/program files (x86)/arduino/hardware/tools/avr/bin/../lib/gcc/avr/4.9.2/avr5\libgcc.a(_divmodsi4.o)
__nesf2                                           c:/program files (x86)/arduino/hardware/tools/avr/bin/../lib/gcc/avr/4.9.2/../../../../avr/lib/avr5\libm.a(cmpsf2.o)
                                                  c:/program files (x86)/arduino/hardware/tools/avr/bin/../lib/gcc/avr/4.9.2/../../../../avr/lib/avr5\libc.a(strtod.o)
__prologue_saves__                                c:/program files (x86)/arduino/hardware/tools/avr/bin/../lib/gcc/avr/4.9.2/avr5\libgcc.a(_prologue.o)
                                                  c:/program files (x86)/arduino/hardware/tools/avr/bin/../lib/gcc/avr/4.9.2/../../../../avr/lib/avr5\libc.a(strtod.o)
                                                  c:/program files (x86)/arduino/hardware/tools/avr/bin/../lib/gcc/avr/4.9.2/../../../../avr/lib/avr5\libc.a(realloc.o)
__stack                                           c:/program files (x86)/arduino/hardware/tools/avr/bin/../lib/gcc/avr/4.9.2/../../../../avr/lib/avr5/crtatmega328p.o
__strlen_P                                        c:/program files (x86)/arduino/hardware/tools/avr/bin/../lib/gcc/avr/4.9.2/../../../../avr/lib/avr5\libc.a(strlen_P.o)
                                                  ./arduino/WString.o
__subsf3                                          c:/program files (x86)/arduino/hardware/tools/avr/bin/../lib/gcc/avr/4.9.2/../../../../avr/lib/avr5\libm.a(addsf3.o)
                                                  ./arduino/Print.o
__tablejump2__                                    c:/program files (x86)/arduino/hardware/tools/avr/bin/../lib/gcc/avr/4.9.2/avr5\libgcc.a(_tablejump2.o)
                                                  c:/program files (x86)/arduino/hardware/tools/avr/bin/../lib/gcc/avr/4.9.2/avr5\libgcc.a(_ctors.o)
__udivmodsi4                                      c:/program files (x86)/arduino/hardware/tools/avr/bin/../lib/gcc/avr/4.9.2/avr5\libgcc.a(_udivmodsi4.o)
                                                  c:/program files (x86)/arduino/hardware/tools/avr/bin/../lib/gcc/avr/4.9.2/avr5\libgcc.a(_divmodsi4.o)
                                                  ./arduino/Tone.o
                                                  ./arduino/Print.o
                                                  ./arduino/HardwareSerial.o
__ultoa                                           c:/program files (x86)/arduino/hardware/tools/avr/bin/../lib/gcc/avr/4.9.2/../../../../avr/lib/avr5\libc.a(ultoa.o)
                                                  ./arduino/WString.o
__ultoa_common                                    c:/program files (x86)/arduino/hardware/tools/avr/bin/../lib/gcc/avr/4.9.2/../../../../avr/lib/avr5\libc.a(ultoa_ncheck.o)
                                                  c:/program files (x86)/arduino/hardware/tools/avr/bin/../lib/gcc/avr/4.9.2/../../../../avr/lib/avr5\libc.a(ltoa_ncheck.o)
__ultoa_ncheck                                    c:/program files (x86)/arduino/hardware/tools/avr/bin/../lib/gcc/avr/4.9.2/../../../../avr/lib/avr5\libc.a(ultoa_ncheck.o)
                                                  c:/program files (x86)/arduino/hardware/tools/avr/bin/../lib/gcc/avr/4.9.2/../../../../avr/lib/avr5\libc.a(ultoa.o)
__umulhisi3                                       c:/program files (x86)/arduino/hardware/tools/avr/bin/../lib/gcc/avr/4.9.2/avr5\libgcc.a(_umulhisi3.o)
                                                  c:/program files (x86)/arduino/hardware/tools/avr/bin/../lib/gcc/avr/4.9.2/avr5\libgcc.a(_muluhisi3.o)
__unordsf2                                        c:/program files (x86)/arduino/hardware/tools/avr/bin/../lib/gcc/avr/4.9.2/../../../../avr/lib/avr5\libm.a(unordsf2.o)
                                                  ./arduino/Print.o
__utoa                                            c:/program files (x86)/arduino/hardware/tools/avr/bin/../lib/gcc/avr/4.9.2/../../../../avr/lib/avr5\libc.a(utoa.o)
                                                  ./arduino/WString.o
__utoa_common                                     c:/program files (x86)/arduino/hardware/tools/avr/bin/../lib/gcc/avr/4.9.2/../../../../avr/lib/avr5\libc.a(utoa_ncheck.o)
                                                  c:/program files (x86)/arduino/hardware/tools/avr/bin/../lib/gcc/avr/4.9.2/../../../../avr/lib/avr5\libc.a(itoa_ncheck.o)
__utoa_ncheck                                     c:/program files (x86)/arduino/hardware/tools/avr/bin/../lib/gcc/avr/4.9.2/../../../../avr/lib/avr5\libc.a(utoa_ncheck.o)
                                                  c:/program files (x86)/arduino/hardware/tools/avr/bin/../lib/gcc/avr/4.9.2/../../../../avr/lib/avr5\libc.a(utoa.o)
__vector_1                                        ./arduino/WInterrupts.o
                                                  c:/program files (x86)/arduino/hardware/tools/avr/bin/../lib/gcc/avr/4.9.2/../../../../avr/lib/avr5/crtatmega328p.o
__vector_10                                       c:/program files (x86)/arduino/hardware/tools/avr/bin/../lib/gcc/avr/4.9.2/../../../../avr/lib/avr5/crtatmega328p.o
__vector_11                                       C:/Users/teo_a/workspace/freeRTOS/Release/libfreeRTOS.a(port.o)
                                                  c:/program files (x86)/arduino/hardware/tools/avr/bin/../lib/gcc/avr/4.9.2/../../../../avr/lib/avr5/crtatmega328p.o
__vector_12                                       c:/program files (x86)/arduino/hardware/tools/avr/bin/../lib/gcc/avr/4.9.2/../../../../avr/lib/avr5/crtatmega328p.o
__vector_13                                       c:/program files (x86)/arduino/hardware/tools/avr/bin/../lib/gcc/avr/4.9.2/../../../../avr/lib/avr5/crtatmega328p.o
__vector_14                                       c:/program files (x86)/arduino/hardware/tools/avr/bin/../lib/gcc/avr/4.9.2/../../../../avr/lib/avr5/crtatmega328p.o
__vector_15                                       c:/program files (x86)/arduino/hardware/tools/avr/bin/../lib/gcc/avr/4.9.2/../../../../avr/lib/avr5/crtatmega328p.o
__vector_16                                       ./arduino/wiring.o
                                                  c:/program files (x86)/arduino/hardware/tools/avr/bin/../lib/gcc/avr/4.9.2/../../../../avr/lib/avr5/crtatmega328p.o
__vector_17                                       c:/program files (x86)/arduino/hardware/tools/avr/bin/../lib/gcc/avr/4.9.2/../../../../avr/lib/avr5/crtatmega328p.o
__vector_18                                       ./arduino/HardwareSerial0.o
                                                  c:/program files (x86)/arduino/hardware/tools/avr/bin/../lib/gcc/avr/4.9.2/../../../../avr/lib/avr5/crtatmega328p.o
__vector_19                                       ./arduino/HardwareSerial0.o
                                                  c:/program files (x86)/arduino/hardware/tools/avr/bin/../lib/gcc/avr/4.9.2/../../../../avr/lib/avr5/crtatmega328p.o
__vector_2                                        ./arduino/WInterrupts.o
                                                  c:/program files (x86)/arduino/hardware/tools/avr/bin/../lib/gcc/avr/4.9.2/../../../../avr/lib/avr5/crtatmega328p.o
__vector_20                                       c:/program files (x86)/arduino/hardware/tools/avr/bin/../lib/gcc/avr/4.9.2/../../../../avr/lib/avr5/crtatmega328p.o
__vector_21                                       c:/program files (x86)/arduino/hardware/tools/avr/bin/../lib/gcc/avr/4.9.2/../../../../avr/lib/avr5/crtatmega328p.o
__vector_22                                       c:/program files (x86)/arduino/hardware/tools/avr/bin/../lib/gcc/avr/4.9.2/../../../../avr/lib/avr5/crtatmega328p.o
__vector_23                                       c:/program files (x86)/arduino/hardware/tools/avr/bin/../lib/gcc/avr/4.9.2/../../../../avr/lib/avr5/crtatmega328p.o
__vector_24                                       c:/program files (x86)/arduino/hardware/tools/avr/bin/../lib/gcc/avr/4.9.2/../../../../avr/lib/avr5/crtatmega328p.o
__vector_25                                       c:/program files (x86)/arduino/hardware/tools/avr/bin/../lib/gcc/avr/4.9.2/../../../../avr/lib/avr5/crtatmega328p.o
__vector_3                                        c:/program files (x86)/arduino/hardware/tools/avr/bin/../lib/gcc/avr/4.9.2/../../../../avr/lib/avr5/crtatmega328p.o
__vector_4                                        c:/program files (x86)/arduino/hardware/tools/avr/bin/../lib/gcc/avr/4.9.2/../../../../avr/lib/avr5/crtatmega328p.o
__vector_5                                        c:/program files (x86)/arduino/hardware/tools/avr/bin/../lib/gcc/avr/4.9.2/../../../../avr/lib/avr5/crtatmega328p.o
__vector_6                                        c:/program files (x86)/arduino/hardware/tools/avr/bin/../lib/gcc/avr/4.9.2/../../../../avr/lib/avr5/crtatmega328p.o
__vector_7                                        ./arduino/Tone.o
                                                  c:/program files (x86)/arduino/hardware/tools/avr/bin/../lib/gcc/avr/4.9.2/../../../../avr/lib/avr5/crtatmega328p.o
__vector_8                                        c:/program files (x86)/arduino/hardware/tools/avr/bin/../lib/gcc/avr/4.9.2/../../../../avr/lib/avr5/crtatmega328p.o
__vector_9                                        c:/program files (x86)/arduino/hardware/tools/avr/bin/../lib/gcc/avr/4.9.2/../../../../avr/lib/avr5/crtatmega328p.o
__vector_default                                  c:/program files (x86)/arduino/hardware/tools/avr/bin/../lib/gcc/avr/4.9.2/../../../../avr/lib/avr5/crtatmega328p.o
__vectors                                         c:/program files (x86)/arduino/hardware/tools/avr/bin/../lib/gcc/avr/4.9.2/../../../../avr/lib/avr5/crtatmega328p.o
_exit                                             c:/program files (x86)/arduino/hardware/tools/avr/bin/../lib/gcc/avr/4.9.2/avr5\libgcc.a(_exit.o)
                                                  c:/program files (x86)/arduino/hardware/tools/avr/bin/../lib/gcc/avr/4.9.2/../../../../avr/lib/avr5\libc.a(abort.o)
abort                                             c:/program files (x86)/arduino/hardware/tools/avr/bin/../lib/gcc/avr/4.9.2/../../../../avr/lib/avr5\libc.a(abort.o)
                                                  ./arduino/abi.o
analogRead                                        ./arduino/wiring_analog.o
analogReference                                   ./arduino/wiring_analog.o
analogWrite                                       ./arduino/wiring_analog.o
                                                  ./movement.o
analog_reference                                  ./arduino/wiring_analog.o
atexit                                            ./arduino/main.o
atof                                              c:/program files (x86)/arduino/hardware/tools/avr/bin/../lib/gcc/avr/4.9.2/../../../../avr/lib/avr5\libc.a(atof.o)
                                                  ./arduino/WString.o
atol                                              c:/program files (x86)/arduino/hardware/tools/avr/bin/../lib/gcc/avr/4.9.2/../../../../avr/lib/avr5\libc.a(atol.o)
                                                  ./arduino/WString.o
attachInterrupt                                   ./arduino/WInterrupts.o
countPulseASM                                     ./arduino/wiring_pulse.o
delay                                             ./arduino/wiring.o
                                                  ./movement.o
                                                  ./buzzer.o
delayMicroseconds                                 ./arduino/wiring.o
                                                  ./buzzer.o
detachInterrupt                                   ./arduino/WInterrupts.o
digitalRead                                       ./arduino/wiring_digital.o
                                                  ./arduino/wiring_shift.o
digitalWrite                                      ./arduino/wiring_digital.o
                                                  ./movement.o
                                                  ./led.o
                                                  ./buzzer.o
                                                  ./arduino/wiring_shift.o
                                                  ./arduino/wiring_analog.o
                                                  ./arduino/Tone.o
digital_pin_to_bit_mask_PGM                       ./arduino/wiring_digital.o
                                                  ./arduino/wiring_pulse.o
                                                  ./arduino/Tone.o
digital_pin_to_port_PGM                           ./arduino/wiring_digital.o
                                                  ./arduino/wiring_pulse.o
                                                  ./arduino/Tone.o
digital_pin_to_timer_PGM                          ./arduino/wiring_digital.o
                                                  ./arduino/wiring_analog.o
dtoa_prf                                          c:/program files (x86)/arduino/hardware/tools/avr/bin/../lib/gcc/avr/4.9.2/../../../../avr/lib/avr5\libc.a(dtoa_prf.o)
                                                  c:/program files (x86)/arduino/hardware/tools/avr/bin/../lib/gcc/avr/4.9.2/../../../../avr/lib/avr5\libc.a(dtostrf.o)
dtostrf                                           c:/program files (x86)/arduino/hardware/tools/avr/bin/../lib/gcc/avr/4.9.2/../../../../avr/lib/avr5\libc.a(dtostrf.o)
                                                  ./arduino/WString.o
errno                                             c:/program files (x86)/arduino/hardware/tools/avr/bin/../lib/gcc/avr/4.9.2/../../../../avr/lib/avr5\libc.a(errno.o)
                                                  c:/program files (x86)/arduino/hardware/tools/avr/bin/../lib/gcc/avr/4.9.2/../../../../avr/lib/avr5\libc.a(strtod.o)
exit                                              c:/program files (x86)/arduino/hardware/tools/avr/bin/../lib/gcc/avr/4.9.2/avr5\libgcc.a(_exit.o)
                                                  c:/program files (x86)/arduino/hardware/tools/avr/bin/../lib/gcc/avr/4.9.2/../../../../avr/lib/avr5/crtatmega328p.o
free                                              c:/program files (x86)/arduino/hardware/tools/avr/bin/../lib/gcc/avr/4.9.2/../../../../avr/lib/avr5\libc.a(malloc.o)
                                                  c:/program files (x86)/arduino/hardware/tools/avr/bin/../lib/gcc/avr/4.9.2/../../../../avr/lib/avr5\libc.a(realloc.o)
                                                  ./arduino/new.o
                                                  ./arduino/WString.o
init                                              ./arduino/wiring.o
                                                  ./arduino/main.o
initVariant                                       ./arduino/main.o
isspace                                           c:/program files (x86)/arduino/hardware/tools/avr/bin/../lib/gcc/avr/4.9.2/../../../../avr/lib/avr5\libc.a(isspace.o)
                                                  c:/program files (x86)/arduino/hardware/tools/avr/bin/../lib/gcc/avr/4.9.2/../../../../avr/lib/avr5\libc.a(strtod.o)
                                                  ./arduino/WString.o
itoa                                              c:/program files (x86)/arduino/hardware/tools/avr/bin/../lib/gcc/avr/4.9.2/../../../../avr/lib/avr5\libc.a(itoa.o)
                                                  ./arduino/WString.o
loop                                              ./test.o
                                                  ./arduino/main.o
ltoa                                              c:/program files (x86)/arduino/hardware/tools/avr/bin/../lib/gcc/avr/4.9.2/../../../../avr/lib/avr5\libc.a(ltoa.o)
                                                  ./arduino/WString.o
main                                              ./arduino/main.o
                                                  c:/program files (x86)/arduino/hardware/tools/avr/bin/../lib/gcc/avr/4.9.2/../../../../avr/lib/avr5/crtatmega328p.o
malloc                                            c:/program files (x86)/arduino/hardware/tools/avr/bin/../lib/gcc/avr/4.9.2/../../../../avr/lib/avr5\libc.a(malloc.o)
                                                  c:/program files (x86)/arduino/hardware/tools/avr/bin/../lib/gcc/avr/4.9.2/../../../../avr/lib/avr5\libc.a(realloc.o)
                                                  ./arduino/new.o
memcmp                                            c:/program files (x86)/arduino/hardware/tools/avr/bin/../lib/gcc/avr/4.9.2/../../../../avr/lib/avr5\libc.a(memcmp.o)
                                                  ./arduino/IPAddress.o
memcpy                                            c:/program files (x86)/arduino/hardware/tools/avr/bin/../lib/gcc/avr/4.9.2/../../../../avr/lib/avr5\libc.a(memcpy.o)
                                                  c:/program files (x86)/arduino/hardware/tools/avr/bin/../lib/gcc/avr/4.9.2/../../../../avr/lib/avr5\libc.a(memmove.o)
                                                  c:/program files (x86)/arduino/hardware/tools/avr/bin/../lib/gcc/avr/4.9.2/../../../../avr/lib/avr5\libc.a(realloc.o)
                                                  C:/Users/teo_a/workspace/freeRTOS/Release/libfreeRTOS.a(queue.o)
                                                  ./arduino/WString.o
memmove                                           c:/program files (x86)/arduino/hardware/tools/avr/bin/../lib/gcc/avr/4.9.2/../../../../avr/lib/avr5\libc.a(memmove.o)
                                                  ./arduino/WString.o
micros                                            ./arduino/wiring.o
                                                  ./arduino/wiring_pulse.o
millis                                            ./arduino/wiring.o
                                                  ./buzzer.o
                                                  ./arduino/Stream.o
pinMode                                           ./arduino/wiring_digital.o
                                                  ./test.o
                                                  ./buzzer.o
                                                  ./arduino/wiring_analog.o
                                                  ./arduino/Tone.o
port_to_input_PGM                                 ./arduino/wiring_digital.o
                                                  ./arduino/wiring_pulse.o
port_to_mode_PGM                                  ./arduino/wiring_digital.o
port_to_output_PGM                                ./arduino/wiring_digital.o
                                                  ./arduino/Tone.o
pulseIn                                           ./arduino/wiring_pulse.o
pulseInLong                                       ./arduino/wiring_pulse.o
pvPortMalloc                                      C:/Users/teo_a/workspace/freeRTOS/Release/libfreeRTOS.a(heap_2.o)
                                                  C:/Users/teo_a/workspace/freeRTOS/Release/libfreeRTOS.a(tasks.o)
                                                  C:/Users/teo_a/workspace/freeRTOS/Release/libfreeRTOS.a(queue.o)
pvTaskIncrementMutexHeldCount                     C:/Users/teo_a/workspace/freeRTOS/Release/libfreeRTOS.a(tasks.o)
                                                  C:/Users/teo_a/workspace/freeRTOS/Release/libfreeRTOS.a(queue.o)
pxCurrentTCB                                      C:/Users/teo_a/workspace/freeRTOS/Release/libfreeRTOS.a(tasks.o)
                                                  C:/Users/teo_a/workspace/freeRTOS/Release/libfreeRTOS.a(port.o)
pxPortInitialiseStack                             C:/Users/teo_a/workspace/freeRTOS/Release/libfreeRTOS.a(port.o)
                                                  C:/Users/teo_a/workspace/freeRTOS/Release/libfreeRTOS.a(tasks.o)
random                                            c:/program files (x86)/arduino/hardware/tools/avr/bin/../lib/gcc/avr/4.9.2/../../../../avr/lib/avr5\libc.a(random.o)
                                                  ./arduino/WMath.o
random_r                                          c:/program files (x86)/arduino/hardware/tools/avr/bin/../lib/gcc/avr/4.9.2/../../../../avr/lib/avr5\libc.a(random.o)
realloc                                           c:/program files (x86)/arduino/hardware/tools/avr/bin/../lib/gcc/avr/4.9.2/../../../../avr/lib/avr5\libc.a(realloc.o)
                                                  ./arduino/WString.o
setup                                             ./test.o
                                                  ./arduino/main.o
shiftIn                                           ./arduino/wiring_shift.o